[debug] [2026-06-26T19:03:59.328Z] ----------------------------------------------------------------------
[debug] [2026-06-26T19:03:59.345Z] Command:       C:\Program Files\nodejs\node.exe C:\Users\PMYLS\AppData\Roaming\npm\node_modules\firebase-tools\lib\bin\firebase.js emulators:start
[debug] [2026-06-26T19:03:59.346Z] CLI Version:   15.20.0
[debug] [2026-06-26T19:03:59.346Z] Platform:      win32
[debug] [2026-06-26T19:03:59.346Z] Node Version:  v26.3.0
[debug] [2026-06-26T19:03:59.346Z] Time:          Sat Jun 27 2026 00:03:59 GMT+0500 (Pakistan Standard Time)
[debug] [2026-06-26T19:03:59.346Z] ----------------------------------------------------------------------
[debug] 
[debug] [2026-06-26T19:03:59.348Z] >>> [apiv2][query] GET https://firebase-public.firebaseio.com/cli.json [none]
[debug] [2026-06-26T19:04:01.541Z] > command requires scopes: ["email","openid","https://www.googleapis.com/auth/cloudplatformprojects.readonly","https://www.googleapis.com/auth/firebase","https://www.googleapis.com/auth/cloud-platform"]
[debug] Failed to authenticate, have you run firebase login?
[warn] !  emulators: You are not currently authenticated so some features may not work correctly. Please run firebase login to authenticate the CLI. 
[info] i  emulators: Starting emulators: functions, extensions {"metadata":{"emulator":{"name":"hub"},"message":"Starting emulators: functions, extensions"}}
[debug] [2026-06-26T19:04:01.604Z] No OAuth tokens found
[debug] [2026-06-26T19:04:01.605Z] No OAuth tokens found
[debug] [2026-06-26T19:04:01.605Z] > command requires scopes: ["email","openid","https://www.googleapis.com/auth/cloudplatformprojects.readonly","https://www.googleapis.com/auth/firebase","https://www.googleapis.com/auth/cloud-platform"]
[debug] [2026-06-26T19:04:01.605Z] Unable to check that https://cloudresourcemanager.googleapis.com is enabled on mindly-7f7c4. Calls to it will fail if it is not enabled
[debug] [2026-06-26T19:04:01.605Z] No OAuth tokens found
[debug] [2026-06-26T19:04:01.605Z] No OAuth tokens found
[debug] [2026-06-26T19:04:01.605Z] > command requires scopes: ["email","openid","https://www.googleapis.com/auth/cloudplatformprojects.readonly","https://www.googleapis.com/auth/firebase","https://www.googleapis.com/auth/cloud-platform"]
[error] !!  extensions: Unable to look up project number for mindly-7f7c4.
 If this is a real project, ensure that you are logged in and have access to it.
 If this is a fake project, please use a project ID starting with 'demo-' to skip production calls.
 Continuing with a fake project number - secrets and other features that require production access may behave unexpectedly. {"metadata":{"emulator":{"name":"extensions"},"message":"Unable to look up project number for mindly-7f7c4.\n If this is a real project, ensure that you are logged in and have access to it.\n If this is a fake project, please use a project ID starting with 'demo-' to skip production calls.\n Continuing with a fake project number - secrets and other features that require production access may behave unexpectedly."}}
[debug] [2026-06-26T19:04:01.616Z] [logging] Logging Emulator only supports listening on one address (127.0.0.1). Not listening on ::1
[debug] [2026-06-26T19:04:01.617Z] assigned listening specs for emulators {"user":{"hub":[{"address":"127.0.0.1","family":"IPv4","port":4400},{"address":"::1","family":"IPv6","port":4400}],"ui":[{"address":"127.0.0.1","family":"IPv4","port":4000},{"address":"::1","family":"IPv6","port":4000}],"logging":[{"address":"127.0.0.1","family":"IPv4","port":4500}]},"metadata":{"message":"assigned listening specs for emulators"}}
[debug] [2026-06-26T19:04:01.624Z] Write emulator hub locator at C:\Users\PMYLS\AppData\Local\Temp\hub-mindly-7f7c4.json
[debug] [2026-06-26T19:04:01.642Z] [Extensions] Started Extensions emulator, this is a noop.
[debug] [2026-06-26T19:04:01.651Z] [functions] Functions Emulator only supports listening on one address (127.0.0.1). Not listening on ::1
[debug] [2026-06-26T19:04:01.652Z] [eventarc] Eventarc Emulator only supports listening on one address (127.0.0.1). Not listening on ::1
[debug] [2026-06-26T19:04:01.652Z] [tasks] Cloud Tasks Emulator only supports listening on one address (127.0.0.1). Not listening on ::1
[debug] [2026-06-26T19:04:01.652Z] late-assigned ports for functions and eventarc emulators {"user":{"hub":[{"address":"127.0.0.1","family":"IPv4","port":4400},{"address":"::1","family":"IPv6","port":4400}],"ui":[{"address":"127.0.0.1","family":"IPv4","port":4000},{"address":"::1","family":"IPv6","port":4000}],"logging":[{"address":"127.0.0.1","family":"IPv4","port":4500}],"functions":[{"address":"127.0.0.1","family":"IPv4","port":5001}],"eventarc":[{"address":"127.0.0.1","family":"IPv4","port":9299}],"tasks":[{"address":"127.0.0.1","family":"IPv4","port":9499}]},"metadata":{"message":"late-assigned ports for functions and eventarc emulators"}}
[warn] !  functions: The following emulators are not running, calls to these services from the Functions emulator will affect production: apphosting, auth, firestore, database, hosting, pubsub, storage, dataconnect {"metadata":{"emulator":{"name":"functions"},"message":"The following emulators are not running, calls to these services from the Functions emulator will affect production: \u001b[1mapphosting, auth, firestore, database, hosting, pubsub, storage, dataconnect\u001b[22m"}}
[debug] [2026-06-26T19:04:01.654Z] No OAuth tokens found
[debug] [2026-06-26T19:04:01.654Z] No OAuth tokens found
[debug] [2026-06-26T19:04:01.654Z] > command requires scopes: ["email","openid","https://www.googleapis.com/auth/cloudplatformprojects.readonly","https://www.googleapis.com/auth/firebase","https://www.googleapis.com/auth/cloud-platform"]
[debug] [2026-06-26T19:04:01.655Z] Failed to get Admin SDK config for mindly-7f7c4, falling back to cache Failed to get Admin SDK for Firebase project mindly-7f7c4. Please make sure the project exists and your account has permission to access it. {"name":"FirebaseError","children":[],"exit":2,"message":"Failed to get Admin SDK for Firebase project mindly-7f7c4. Please make sure the project exists and your account has permission to access it.","original":{"name":"FirebaseError","children":[],"exit":1,"message":"Failed to authenticate, have you run \u001b[1mfirebase login\u001b[22m?","original":{},"status":500},"status":500}
[warn] !  functions: Unable to fetch project Admin SDK configuration, Admin SDK behavior in Cloud Functions emulator may be incorrect. {"metadata":{"emulator":{"name":"functions"},"message":"Unable to fetch project Admin SDK configuration, Admin SDK behavior in Cloud Functions emulator may be incorrect."}}
[debug] [2026-06-26T19:04:01.689Z] [Extensions] Connecting Extensions emulator, this is a noop.
[info] i  functions: Watching "D:\Mindly\functions" for Cloud Functions... {"metadata":{"emulator":{"name":"functions"},"message":"Watching \"D:\\Mindly\\functions\" for Cloud Functions..."}}
[debug] [2026-06-26T19:04:01.729Z] Validating nodejs source
[debug] [2026-06-26T19:04:03.915Z] > [functions] package.json contents: {
  "name": "functions",
  "description": "Cloud Functions for Firebase",
  "scripts": {
    "serve": "firebase emulators:start --only functions",
    "shell": "firebase functions:shell",
    "start": "npm run shell",
    "deploy": "firebase deploy --only functions",
    "logs": "firebase functions:log"
  },
  "engines": {
    "node": "24"
  },
  "main": "index.js",
  "dependencies": {
    "@google/generative-ai": "^0.24.1",
    "firebase-admin": "^13.6.0",
    "firebase-functions": "^7.0.0"
  },
  "devDependencies": {
    "firebase-functions-test": "^3.4.1"
  },
  "private": true
}
[debug] [2026-06-26T19:04:03.916Z] Building nodejs source
[debug] [2026-06-26T19:04:03.916Z] Failed to find version of module node: reached end of search path D:\Mindly\functions\node_modules
[warn] !  functions: Your requested "node" version "24" doesn't match your global version "26". Using node@26 from host. 
[info] i  functions: Loaded environment variables from .env. 
[debug] [2026-06-26T19:04:03.925Z] Could not find functions.yaml. Must use http discovery
[debug] [2026-06-26T19:04:03.934Z] Found firebase-functions binary at 'D:\Mindly\functions\node_modules\.bin\firebase-functions'
[info] Serving at port 8664

[error] D:\Mindly\functions\index.js:91
<<<<<<< HEAD
^^

SyntaxError: Unexpected token '<<'
    at wrapSafe (node:internal/modules/cjs/loader:1806:18)
    at Module._compile (node:internal/modules/cjs/loader:1847:20)
    at Object..js (node:internal/modules/cjs/loader:2013:10)
    at Module.load (node:internal/modules/cjs/loader:1596:32)
    at Module._load (node:internal/modules/cjs/loader:1398:12)
    at wrapModuleLoad (node:internal/modules/cjs/loader:255:19)
    at Module.require (node:internal/modules/cjs/loader:1619:12)
    at require (node:internal/modules/helpers:191:16)
    at loadModule (D:\Mindly\functions\node_modules\firebase-functions\lib\runtime\loader.js:20:10)
    at Object.loadStack (D:\Mindly\functions\node_modules\firebase-functions\lib\runtime\loader.js:119:20)

[debug] [2026-06-26T19:04:04.507Z] Got response code 400; body Failed to generate manifest from function source: Unexpected token '<<'
[debug] [2026-06-26T19:04:04.723Z] <<< [apiv2][status] GET https://firebase-public.firebaseio.com/cli.json 200
[debug] [2026-06-26T19:04:04.724Z] <<< [apiv2][body] GET https://firebase-public.firebaseio.com/cli.json {"cloudBuildErrorAfter":1594252800000,"cloudBuildWarnAfter":1590019200000,"defaultNode10After":1594252800000,"minVersion":"3.0.5","node8DeploysDisabledAfter":1613390400000,"node8RuntimeDisabledAfter":1615809600000,"node8WarnAfter":1600128000000}
[error] !!  functions: Failed to load function definition from source: FirebaseError: Functions codebase could not be analyzed successfully. It may have a syntax or runtime error {"metadata":{"emulator":{"name":"functions"},"message":"Failed to load function definition from source: FirebaseError: Functions codebase could not be analyzed successfully. It may have a syntax or runtime error"}}
[debug] [2026-06-26T19:04:08.590Z] Could not find VSCode notification endpoint: FetchError: request to http://localhost:40001/vscode/notify failed, reason: . If you are not running the Firebase SQL Connect VSCode extension, this is expected and not an issue.
[info] 
┌─────────────────────────────────────────────────────────────┐
│ ✔  All emulators ready! It is now safe to connect your app. │
│ i  View Emulator UI at http://127.0.0.1:4000/               │
└─────────────────────────────────────────────────────────────┘

┌────────────┬────────────────┬──────────────────────────────────┐
│ Emulator   │ Host:Port      │ View in Emulator UI              │
├────────────┼────────────────┼──────────────────────────────────┤
│ Functions  │ 127.0.0.1:5001 │ http://127.0.0.1:4000/functions  │
├────────────┼────────────────┼──────────────────────────────────┤
│ Extensions │ 127.0.0.1:5001 │ http://127.0.0.1:4000/extensions │
└────────────┴────────────────┴──────────────────────────────────┘
  Emulator Hub host: 127.0.0.1 port: 4400
  Other reserved ports: 4500
┌─────────────────────────┬───────────────┬─────────────────────┐
│ Extension Instance Name │ Extension Ref │ View in Emulator UI │
└─────────────────────────┴───────────────┴─────────────────────┘
Issues? Report them at https://github.com/firebase/firebase-tools/issues and attach the *-debug.log files.
 
[debug] [2026-06-26T19:04:15.944Z] [work-queue] {"queuedWork":["/mindly-7f7c4/us-central1/generateQuiz-2026-06-26T19:04:15.943Z"],"queueLength":1,"runningWork":[],"workRunningCount":0}
[debug] [2026-06-26T19:04:15.945Z] [work-queue] {"queuedWork":[],"queueLength":0,"runningWork":["/mindly-7f7c4/us-central1/generateQuiz-2026-06-26T19:04:15.943Z"],"workRunningCount":1}
[debug] [2026-06-26T19:04:15.952Z] [work-queue] {"queuedWork":[],"queueLength":0,"runningWork":[],"workRunningCount":0}
[debug] [2026-06-26T19:04:48.471Z] [work-queue] {"queuedWork":["/mindly-7f7c4/us-central1/extractText-2026-06-26T19:04:48.471Z"],"queueLength":1,"runningWork":[],"workRunningCount":0}
[debug] [2026-06-26T19:04:48.472Z] [work-queue] {"queuedWork":[],"queueLength":0,"runningWork":["/mindly-7f7c4/us-central1/extractText-2026-06-26T19:04:48.471Z"],"workRunningCount":1}
[debug] [2026-06-26T19:04:48.474Z] [work-queue] {"queuedWork":[],"queueLength":0,"runningWork":[],"workRunningCount":0}
[debug] [2026-06-26T19:29:06.612Z] [work-queue] {"queuedWork":["/mindly-7f7c4/us-central1/generateQuiz-2026-06-26T19:29:06.610Z"],"queueLength":1,"runningWork":[],"workRunningCount":0}
[debug] [2026-06-26T19:29:06.617Z] [work-queue] {"queuedWork":[],"queueLength":0,"runningWork":["/mindly-7f7c4/us-central1/generateQuiz-2026-06-26T19:29:06.610Z"],"workRunningCount":1}
[debug] [2026-06-26T19:29:06.627Z] [work-queue] {"queuedWork":[],"queueLength":0,"runningWork":[],"workRunningCount":0}
[debug] [2026-06-26T19:35:42.455Z] [work-queue] {"queuedWork":["/mindly-7f7c4/us-central1/extractText-2026-06-26T19:35:42.454Z"],"queueLength":1,"runningWork":[],"workRunningCount":0}
[debug] [2026-06-26T19:35:42.456Z] [work-queue] {"queuedWork":[],"queueLength":0,"runningWork":["/mindly-7f7c4/us-central1/extractText-2026-06-26T19:35:42.454Z"],"workRunningCount":1}
[debug] [2026-06-26T19:35:42.461Z] [work-queue] {"queuedWork":[],"queueLength":0,"runningWork":[],"workRunningCount":0}
[debug] [2026-06-26T19:38:06.079Z] Received signal SIGHUP 1
[info]  
[info] i  emulators: Received SIGHUP for the first time. Starting a clean shutdown. 
[info] i  emulators: Please wait for a clean shutdown or send the SIGHUP signal again to stop right now. 
[info] i  emulators: Shutting down emulators. {"metadata":{"emulator":{"name":"hub"},"message":"Shutting down emulators."}}
[info] i  ui: Stopping Emulator UI {"metadata":{"emulator":{"name":"ui"},"message":"Stopping Emulator UI"}}
[info] i  extensions: Stopping Extensions Emulator {"metadata":{"emulator":{"name":"extensions"},"message":"Stopping Extensions Emulator"}}
[debug] [2026-06-26T19:38:06.156Z] [Extensions] Stopping Extensions emulator, this is a noop.
[info] i  functions: Stopping Functions Emulator {"metadata":{"emulator":{"name":"functions"},"message":"Stopping Functions Emulator"}}
[info] i  eventarc: Stopping Eventarc Emulator {"metadata":{"emulator":{"name":"eventarc"},"message":"Stopping Eventarc Emulator"}}
[info] i  tasks: Stopping Cloud Tasks Emulator {"metadata":{"emulator":{"name":"tasks"},"message":"Stopping Cloud Tasks Emulator"}}
[info] i  hub: Stopping emulator hub {"metadata":{"emulator":{"name":"hub"},"message":"Stopping emulator hub"}}
[info] i  logging: Stopping Logging Emulator {"metadata":{"emulator":{"name":"logging"},"message":"Stopping Logging Emulator"}}
[debug] [2026-06-26T19:38:06.253Z] Could not find VSCode notification endpoint: FetchError: request to http://localhost:40001/vscode/notify failed, reason: . If you are not running the Firebase SQL Connect VSCode extension, this is expected and not an issue.
[debug] [2026-06-28T09:41:48.099Z] ----------------------------------------------------------------------
[debug] [2026-06-28T09:41:48.109Z] Command:       C:\Program Files\nodejs\node.exe C:\Users\joevi\AppData\Roaming\npm\node_modules\firebase-tools\lib\bin\firebase.js emulators:start
[debug] [2026-06-28T09:41:48.110Z] CLI Version:   15.16.0
[debug] [2026-06-28T09:41:48.110Z] Platform:      win32
[debug] [2026-06-28T09:41:48.114Z] Node Version:  v24.15.0
[debug] [2026-06-28T09:41:48.115Z] Time:          Sun Jun 28 2026 14:41:48 GMT+0500 (Pakistan Standard Time)
[debug] [2026-06-28T09:41:48.115Z] ----------------------------------------------------------------------
[debug] 
[debug] [2026-06-28T09:41:55.357Z] > command requires scopes: ["email","openid","https://www.googleapis.com/auth/cloudplatformprojects.readonly","https://www.googleapis.com/auth/firebase","https://www.googleapis.com/auth/cloud-platform"]
[debug] [2026-06-28T09:41:55.358Z] > authorizing via signed-in user (joevinry@gmail.com)
[info] i  emulators: Starting emulators: functions, extensions {"metadata":{"emulator":{"name":"hub"},"message":"Starting emulators: functions, extensions"}}
[debug] [2026-06-28T09:41:55.374Z] Checked if tokens are valid: false, expires at: 1782561847602
[debug] [2026-06-28T09:41:55.374Z] Checked if tokens are valid: false, expires at: 1782561847602
[debug] [2026-06-28T09:41:55.375Z] > refreshing access token with scopes: []
[debug] [2026-06-28T09:41:55.380Z] >>> [apiv2][query] POST https://www.googleapis.com/oauth2/v3/token [none]
[debug] [2026-06-28T09:41:55.380Z] >>> [apiv2][body] POST https://www.googleapis.com/oauth2/v3/token [omitted]
[debug] [2026-06-28T09:41:55.929Z] <<< [apiv2][status] POST https://www.googleapis.com/oauth2/v3/token 200
[debug] [2026-06-28T09:41:55.930Z] <<< [apiv2][body] POST https://www.googleapis.com/oauth2/v3/token [omitted]
[debug] [2026-06-28T09:41:56.025Z] >>> [apiv2][query] GET https://cloudresourcemanager.googleapis.com/v1/projects/mindly-7f7c4 [none]
[debug] [2026-06-28T09:41:57.706Z] <<< [apiv2][status] GET https://cloudresourcemanager.googleapis.com/v1/projects/mindly-7f7c4 200
[debug] [2026-06-28T09:41:57.707Z] <<< [apiv2][body] GET https://cloudresourcemanager.googleapis.com/v1/projects/mindly-7f7c4 {"projectNumber":"505317673514","projectId":"mindly-7f7c4","lifecycleState":"ACTIVE","name":"Mindly","labels":{"firebase":"enabled","firebase-core":"disabled"},"createTime":"2025-12-15T14:30:02.168101Z"}
[debug] [2026-06-28T09:41:58.510Z] [logging] Logging Emulator only supports listening on one address (127.0.0.1). Not listening on ::1
[debug] [2026-06-28T09:41:58.512Z] assigned listening specs for emulators {"user":{"hub":[{"address":"127.0.0.1","family":"IPv4","port":4400},{"address":"::1","family":"IPv6","port":4400}],"ui":[{"address":"127.0.0.1","family":"IPv4","port":4000},{"address":"::1","family":"IPv6","port":4000}],"logging":[{"address":"127.0.0.1","family":"IPv4","port":4500}]},"metadata":{"message":"assigned listening specs for emulators"}}
[debug] [2026-06-28T09:41:58.556Z] Write emulator hub locator at C:\Users\joevi\AppData\Local\Temp\hub-mindly-7f7c4.json
[debug] [2026-06-28T09:41:58.579Z] [Extensions] Started Extensions emulator, this is a noop.
[debug] [2026-06-28T09:41:58.602Z] [functions] Functions Emulator only supports listening on one address (127.0.0.1). Not listening on ::1
[debug] [2026-06-28T09:41:58.602Z] [eventarc] Eventarc Emulator only supports listening on one address (127.0.0.1). Not listening on ::1
[debug] [2026-06-28T09:41:58.602Z] [tasks] Cloud Tasks Emulator only supports listening on one address (127.0.0.1). Not listening on ::1
[debug] [2026-06-28T09:41:58.602Z] late-assigned ports for functions and eventarc emulators {"user":{"hub":[{"address":"127.0.0.1","family":"IPv4","port":4400},{"address":"::1","family":"IPv6","port":4400}],"ui":[{"address":"127.0.0.1","family":"IPv4","port":4000},{"address":"::1","family":"IPv6","port":4000}],"logging":[{"address":"127.0.0.1","family":"IPv4","port":4500}],"functions":[{"address":"127.0.0.1","family":"IPv4","port":5001}],"eventarc":[{"address":"127.0.0.1","family":"IPv4","port":9299}],"tasks":[{"address":"127.0.0.1","family":"IPv4","port":9499}]},"metadata":{"message":"late-assigned ports for functions and eventarc emulators"}}
[warn] !  functions: The following emulators are not running, calls to these services from the Functions emulator will affect production: apphosting, auth, firestore, database, hosting, pubsub, storage, dataconnect {"metadata":{"emulator":{"name":"functions"},"message":"The following emulators are not running, calls to these services from the Functions emulator will affect production: \u001b[1mapphosting, auth, firestore, database, hosting, pubsub, storage, dataconnect\u001b[22m"}}
[debug] [2026-06-28T09:41:58.655Z] defaultcredentials: writing to file C:\Users\joevi\AppData\Roaming\firebase\joevinry_gmail_com_application_default_credentials.json
[debug] [2026-06-28T09:41:58.659Z] Setting GAC to C:\Users\joevi\AppData\Roaming\firebase\joevinry_gmail_com_application_default_credentials.json {"metadata":{"emulator":{"name":"functions"},"message":"Setting GAC to C:\\Users\\joevi\\AppData\\Roaming\\firebase\\joevinry_gmail_com_application_default_credentials.json"}}
[debug] [2026-06-28T09:41:58.661Z] Checked if tokens are valid: true, expires at: 1782643314931
[debug] [2026-06-28T09:41:58.661Z] Checked if tokens are valid: true, expires at: 1782643314931
[debug] [2026-06-28T09:41:58.661Z] >>> [apiv2][query] GET https://firebase.googleapis.com/v1beta1/projects/mindly-7f7c4/adminSdkConfig [none]
[debug] [2026-06-28T09:41:59.407Z] <<< [apiv2][status] GET https://firebase.googleapis.com/v1beta1/projects/mindly-7f7c4/adminSdkConfig 200
[debug] [2026-06-28T09:41:59.407Z] <<< [apiv2][body] GET https://firebase.googleapis.com/v1beta1/projects/mindly-7f7c4/adminSdkConfig {"projectId":"mindly-7f7c4","storageBucket":"mindly-7f7c4.firebasestorage.app"}
[debug] [2026-06-28T09:41:59.472Z] [Extensions] Connecting Extensions emulator, this is a noop.
[info] i  functions: Watching "D:\FYP\Mindly\functions" for Cloud Functions... {"metadata":{"emulator":{"name":"functions"},"message":"Watching \"D:\\FYP\\Mindly\\functions\" for Cloud Functions..."}}
[debug] [2026-06-28T09:41:59.480Z] Validating nodejs source
[debug] [2026-06-28T09:42:02.603Z] > [functions] package.json contents: {
  "name": "functions",
  "description": "Cloud Functions for Firebase",
  "scripts": {
    "serve": "firebase emulators:start --only functions",
    "shell": "firebase functions:shell",
    "start": "npm run shell",
    "deploy": "firebase deploy --only functions",
    "logs": "firebase functions:log"
  },
  "engines": {
    "node": "24"
  },
  "main": "index.js",
  "dependencies": {
    "@google/generative-ai": "^0.24.1",
    "firebase-admin": "^13.6.0",
    "firebase-functions": "^7.0.0"
  },
  "devDependencies": {
    "firebase-functions-test": "^3.4.1"
  },
  "private": true
}
[debug] [2026-06-28T09:42:02.604Z] Building nodejs source
[debug] [2026-06-28T09:42:02.605Z] Failed to find version of module node: reached end of search path D:\FYP\Mindly\functions\node_modules
[info] +  functions: Using node@24 from host. 
[info] i  functions: Loaded environment variables from .env. 
[debug] [2026-06-28T09:42:02.615Z] Could not find functions.yaml. Must use http discovery
[debug] [2026-06-28T09:42:02.661Z] Found firebase-functions binary at 'D:\FYP\Mindly\functions\node_modules\.bin\firebase-functions'
[info] Serving at port 8791

[error] D:\FYP\Mindly\functions\index.js:91
<<<<<<< HEAD
^^

SyntaxError: Unexpected token '<<'
    at wrapSafe (node:internal/modules/cjs/loader:1763:18)
    at Module._compile (node:internal/modules/cjs/loader:1804:20)
    at Object..js (node:internal/modules/cjs/loader:1961:10)
    at Module.load (node:internal/modules/cjs/loader:1553:32)
    at Module._load (node:internal/modules/cjs/loader:1355:12)
    at wrapModuleLoad (node:internal/modules/cjs/loader:255:19)
    at Module.require (node:internal/modules/cjs/loader:1576:12)
    at require (node:internal/modules/helpers:153:16)
    at loadModule (D:\FYP\Mindly\functions\node_modules\firebase-functions\lib\runtime\loader.js:20:10)
    at Object.loadStack (D:\FYP\Mindly\functions\node_modules\firebase-functions\lib\runtime\loader.js:119:20)

[debug] [2026-06-28T09:42:04.146Z] Got response code 400; body Failed to generate manifest from function source: Unexpected token '<<'
[error] !!  functions: Failed to load function definition from source: FirebaseError: Functions codebase could not be analyzed successfully. It may have a syntax or runtime error {"metadata":{"emulator":{"name":"functions"},"message":"Failed to load function definition from source: FirebaseError: Functions codebase could not be analyzed successfully. It may have a syntax or runtime error"}}
[debug] [2026-06-28T09:42:08.351Z] Could not find VSCode notification endpoint: FetchError: request to http://localhost:40001/vscode/notify failed, reason: . If you are not running the Firebase SQL Connect VSCode extension, this is expected and not an issue.
[info] 
┌─────────────────────────────────────────────────────────────┐
│ ✔  All emulators ready! It is now safe to connect your app. │
│ i  View Emulator UI at http://127.0.0.1:4000/               │
└─────────────────────────────────────────────────────────────┘

┌────────────┬────────────────┬──────────────────────────────────┐
│ Emulator   │ Host:Port      │ View in Emulator UI              │
├────────────┼────────────────┼──────────────────────────────────┤
│ Functions  │ 127.0.0.1:5001 │ http://127.0.0.1:4000/functions  │
├────────────┼────────────────┼──────────────────────────────────┤
│ Extensions │ 127.0.0.1:5001 │ http://127.0.0.1:4000/extensions │
└────────────┴────────────────┴──────────────────────────────────┘
  Emulator Hub host: 127.0.0.1 port: 4400
  Other reserved ports: 4500
┌─────────────────────────┬───────────────┬─────────────────────┐
│ Extension Instance Name │ Extension Ref │ View in Emulator UI │
└─────────────────────────┴───────────────┴─────────────────────┘
Issues? Report them at https://github.com/firebase/firebase-tools/issues and attach the *-debug.log files.
 
[debug] [2026-07-18T11:02:01.500Z] ----------------------------------------------------------------------
[debug] [2026-07-18T11:02:01.510Z] Command:       C:\Program Files\nodejs\node.exe C:\Users\joevi\AppData\Roaming\npm\node_modules\firebase-tools\lib\bin\firebase.js emulators:start
[debug] [2026-07-18T11:02:01.511Z] CLI Version:   15.16.0
[debug] [2026-07-18T11:02:01.511Z] Platform:      win32
[debug] [2026-07-18T11:02:01.511Z] Node Version:  v24.15.0
[debug] [2026-07-18T11:02:01.512Z] Time:          Sat Jul 18 2026 16:02:01 GMT+0500 (Pakistan Standard Time)
[debug] [2026-07-18T11:02:01.512Z] ----------------------------------------------------------------------
[debug] 
[debug] [2026-07-18T11:02:01.520Z] >>> [apiv2][query] GET https://firebase-public.firebaseio.com/cli.json [none]
[debug] [2026-07-18T11:02:11.539Z] > command requires scopes: ["email","openid","https://www.googleapis.com/auth/cloudplatformprojects.readonly","https://www.googleapis.com/auth/firebase","https://www.googleapis.com/auth/cloud-platform"]
[debug] [2026-07-18T11:02:11.540Z] > authorizing via signed-in user (joevinry@gmail.com)
[info] i  emulators: Starting emulators: functions, extensions {"metadata":{"emulator":{"name":"hub"},"message":"Starting emulators: functions, extensions"}}
[debug] [2026-07-18T11:02:11.556Z] Checked if tokens are valid: false, expires at: 1782705000203
[debug] [2026-07-18T11:02:11.557Z] Checked if tokens are valid: false, expires at: 1782705000203
[debug] [2026-07-18T11:02:11.558Z] > refreshing access token with scopes: []
[debug] [2026-07-18T11:02:11.563Z] >>> [apiv2][query] POST https://www.googleapis.com/oauth2/v3/token [none]
[debug] [2026-07-18T11:02:11.563Z] >>> [apiv2][body] POST https://www.googleapis.com/oauth2/v3/token [omitted]
[debug] [2026-07-18T11:02:12.100Z] <<< [apiv2][status] POST https://www.googleapis.com/oauth2/v3/token 200
[debug] [2026-07-18T11:02:12.101Z] <<< [apiv2][body] POST https://www.googleapis.com/oauth2/v3/token [omitted]
[debug] [2026-07-18T11:02:12.258Z] >>> [apiv2][query] GET https://cloudresourcemanager.googleapis.com/v1/projects/mindly-7f7c4 [none]
[debug] [2026-07-18T11:02:12.288Z] <<< [apiv2][status] GET https://firebase-public.firebaseio.com/cli.json 200
[debug] [2026-07-18T11:02:12.288Z] <<< [apiv2][body] GET https://firebase-public.firebaseio.com/cli.json {"cloudBuildErrorAfter":1594252800000,"cloudBuildWarnAfter":1590019200000,"defaultNode10After":1594252800000,"minVersion":"3.0.5","node8DeploysDisabledAfter":1613390400000,"node8RuntimeDisabledAfter":1615809600000,"node8WarnAfter":1600128000000}
[debug] [2026-07-18T11:02:13.988Z] <<< [apiv2][status] GET https://cloudresourcemanager.googleapis.com/v1/projects/mindly-7f7c4 200
[debug] [2026-07-18T11:02:13.988Z] <<< [apiv2][body] GET https://cloudresourcemanager.googleapis.com/v1/projects/mindly-7f7c4 {"projectNumber":"505317673514","projectId":"mindly-7f7c4","lifecycleState":"ACTIVE","name":"Mindly","labels":{"firebase":"enabled","firebase-core":"disabled"},"createTime":"2025-12-15T14:30:02.168101Z"}
[debug] [2026-07-18T11:02:14.047Z] [logging] Logging Emulator only supports listening on one address (127.0.0.1). Not listening on ::1
[debug] [2026-07-18T11:02:14.048Z] assigned listening specs for emulators {"user":{"hub":[{"address":"127.0.0.1","family":"IPv4","port":4400},{"address":"::1","family":"IPv6","port":4400}],"ui":[{"address":"127.0.0.1","family":"IPv4","port":4000},{"address":"::1","family":"IPv6","port":4000}],"logging":[{"address":"127.0.0.1","family":"IPv4","port":4500}]},"metadata":{"message":"assigned listening specs for emulators"}}
[debug] [2026-07-18T11:02:14.074Z] Write emulator hub locator at C:\Users\joevi\AppData\Local\Temp\hub-mindly-7f7c4.json
[debug] [2026-07-18T11:02:14.101Z] [Extensions] Started Extensions emulator, this is a noop.
[debug] [2026-07-18T11:02:14.125Z] [functions] Functions Emulator only supports listening on one address (127.0.0.1). Not listening on ::1
[debug] [2026-07-18T11:02:14.126Z] [eventarc] Eventarc Emulator only supports listening on one address (127.0.0.1). Not listening on ::1
[debug] [2026-07-18T11:02:14.126Z] [tasks] Cloud Tasks Emulator only supports listening on one address (127.0.0.1). Not listening on ::1
[debug] [2026-07-18T11:02:14.126Z] late-assigned ports for functions and eventarc emulators {"user":{"hub":[{"address":"127.0.0.1","family":"IPv4","port":4400},{"address":"::1","family":"IPv6","port":4400}],"ui":[{"address":"127.0.0.1","family":"IPv4","port":4000},{"address":"::1","family":"IPv6","port":4000}],"logging":[{"address":"127.0.0.1","family":"IPv4","port":4500}],"functions":[{"address":"127.0.0.1","family":"IPv4","port":5001}],"eventarc":[{"address":"127.0.0.1","family":"IPv4","port":9299}],"tasks":[{"address":"127.0.0.1","family":"IPv4","port":9499}]},"metadata":{"message":"late-assigned ports for functions and eventarc emulators"}}
[warn] !  functions: The following emulators are not running, calls to these services from the Functions emulator will affect production: apphosting, auth, firestore, database, hosting, pubsub, storage, dataconnect {"metadata":{"emulator":{"name":"functions"},"message":"The following emulators are not running, calls to these services from the Functions emulator will affect production: \u001b[1mapphosting, auth, firestore, database, hosting, pubsub, storage, dataconnect\u001b[22m"}}
[debug] [2026-07-18T11:02:14.183Z] defaultcredentials: writing to file C:\Users\joevi\AppData\Roaming\firebase\joevinry_gmail_com_application_default_credentials.json
[debug] [2026-07-18T11:02:14.189Z] Setting GAC to C:\Users\joevi\AppData\Roaming\firebase\joevinry_gmail_com_application_default_credentials.json {"metadata":{"emulator":{"name":"functions"},"message":"Setting GAC to C:\\Users\\joevi\\AppData\\Roaming\\firebase\\joevinry_gmail_com_application_default_credentials.json"}}
[debug] [2026-07-18T11:02:14.191Z] Checked if tokens are valid: true, expires at: 1784376131102
[debug] [2026-07-18T11:02:14.192Z] Checked if tokens are valid: true, expires at: 1784376131102
[debug] [2026-07-18T11:02:14.193Z] >>> [apiv2][query] GET https://firebase.googleapis.com/v1beta1/projects/mindly-7f7c4/adminSdkConfig [none]
[debug] [2026-07-18T11:02:14.931Z] <<< [apiv2][status] GET https://firebase.googleapis.com/v1beta1/projects/mindly-7f7c4/adminSdkConfig 200
[debug] [2026-07-18T11:02:14.931Z] <<< [apiv2][body] GET https://firebase.googleapis.com/v1beta1/projects/mindly-7f7c4/adminSdkConfig {"projectId":"mindly-7f7c4","storageBucket":"mindly-7f7c4.firebasestorage.app"}
[debug] [2026-07-18T11:02:15.185Z] [Extensions] Connecting Extensions emulator, this is a noop.
[info] i  functions: Watching "D:\FYP\Mindly\functions" for Cloud Functions... {"metadata":{"emulator":{"name":"functions"},"message":"Watching \"D:\\FYP\\Mindly\\functions\" for Cloud Functions..."}}
[debug] [2026-07-18T11:02:15.205Z] Validating nodejs source
[warn] !  functions: package.json indicates an outdated version of firebase-functions. Please upgrade using npm install --save firebase-functions@latest in your functions directory. 
[debug] [2026-07-18T11:02:20.181Z] > [functions] package.json contents: {
  "name": "functions",
  "description": "Cloud Functions for Firebase",
  "scripts": {
    "serve": "firebase emulators:start --only functions",
    "shell": "firebase functions:shell",
    "start": "npm run shell",
    "deploy": "firebase deploy --only functions",
    "logs": "firebase functions:log"
  },
  "engines": {
    "node": "24"
  },
  "main": "index.js",
  "dependencies": {
    "@google/generative-ai": "^0.24.1",
    "firebase-admin": "^13.6.0",
    "firebase-functions": "^7.0.0"
  },
  "devDependencies": {
    "firebase-functions-test": "^3.4.1"
  },
  "private": true
}
[debug] [2026-07-18T11:02:20.182Z] Building nodejs source
[debug] [2026-07-18T11:02:20.183Z] Failed to find version of module node: reached end of search path D:\FYP\Mindly\functions\node_modules
[info] +  functions: Using node@24 from host. 
[info] i  functions: Loaded environment variables from .env. 
[debug] [2026-07-18T11:02:20.197Z] Could not find functions.yaml. Must use http discovery
[debug] [2026-07-18T11:02:20.270Z] Found firebase-functions binary at 'D:\FYP\Mindly\functions\node_modules\.bin\firebase-functions'
[info] Serving at port 8973

[debug] [2026-07-18T11:02:24.531Z] Got response from /__/functions.yaml {"endpoints":{"extractText":{"availableMemoryMb":null,"timeoutSeconds":null,"minInstances":null,"maxInstances":10,"ingressSettings":null,"concurrency":null,"serviceAccountEmail":null,"vpc":null,"platform":"gcfv2","labels":{},"httpsTrigger":{},"entryPoint":"extractText"},"chatWithGemini":{"availableMemoryMb":null,"timeoutSeconds":null,"minInstances":null,"maxInstances":10,"ingressSettings":null,"concurrency":null,"serviceAccountEmail":null,"vpc":null,"platform":"gcfv2","labels":{},"httpsTrigger":{},"entryPoint":"chatWithGemini"},"generateLesson":{"availableMemoryMb":null,"timeoutSeconds":null,"minInstances":null,"maxInstances":10,"ingressSettings":null,"concurrency":null,"serviceAccountEmail":null,"vpc":null,"platform":"gcfv2","labels":{},"httpsTrigger":{},"entryPoint":"generateLesson"},"generateQuiz":{"availableMemoryMb":null,"timeoutSeconds":null,"minInstances":null,"maxInstances":10,"ingressSettings":null,"concurrency":null,"serviceAccountEmail":null,"vpc":null,"platform":"gcfv2","labels":{},"httpsTrigger":{},"entryPoint":"generateQuiz"},"generateStudyPlan":{"availableMemoryMb":null,"timeoutSeconds":null,"minInstances":null,"maxInstances":10,"ingressSettings":null,"concurrency":null,"serviceAccountEmail":null,"vpc":null,"platform":"gcfv2","labels":{},"httpsTrigger":{},"entryPoint":"generateStudyPlan"}},"specVersion":"v1alpha1","requiredAPIs":[],"extensions":{}}
[debug] [2026-07-18T11:02:28.707Z] defaultcredentials: writing to file C:\Users\joevi\AppData\Roaming\firebase\joevinry_gmail_com_application_default_credentials.json
[debug] [2026-07-18T11:02:28.711Z] Setting GAC to C:\Users\joevi\AppData\Roaming\firebase\joevinry_gmail_com_application_default_credentials.json {"metadata":{"emulator":{"name":"functions"},"message":"Setting GAC to C:\\Users\\joevi\\AppData\\Roaming\\firebase\\joevinry_gmail_com_application_default_credentials.json"}}
[info] +  functions: Loaded functions definitions from source: extractText, chatWithGemini, generateLesson, generateQuiz, generateStudyPlan. {"metadata":{"emulator":{"name":"functions"},"message":"Loaded functions definitions from source: extractText, chatWithGemini, generateLesson, generateQuiz, generateStudyPlan."}}
[info] +  functions[us-central1-extractText]: http function initialized (http://127.0.0.1:5001/mindly-7f7c4/us-central1/extractText). {"metadata":{"emulator":{"name":"functions"},"message":"\u001b[1mhttp\u001b[22m function initialized (http://127.0.0.1:5001/mindly-7f7c4/us-central1/extractText)."}}
[info] +  functions[us-central1-chatWithGemini]: http function initialized (http://127.0.0.1:5001/mindly-7f7c4/us-central1/chatWithGemini). {"metadata":{"emulator":{"name":"functions"},"message":"\u001b[1mhttp\u001b[22m function initialized (http://127.0.0.1:5001/mindly-7f7c4/us-central1/chatWithGemini)."}}
[info] +  functions[us-central1-generateLesson]: http function initialized (http://127.0.0.1:5001/mindly-7f7c4/us-central1/generateLesson). {"metadata":{"emulator":{"name":"functions"},"message":"\u001b[1mhttp\u001b[22m function initialized (http://127.0.0.1:5001/mindly-7f7c4/us-central1/generateLesson)."}}
[info] +  functions[us-central1-generateQuiz]: http function initialized (http://127.0.0.1:5001/mindly-7f7c4/us-central1/generateQuiz). {"metadata":{"emulator":{"name":"functions"},"message":"\u001b[1mhttp\u001b[22m function initialized (http://127.0.0.1:5001/mindly-7f7c4/us-central1/generateQuiz)."}}
[info] +  functions[us-central1-generateStudyPlan]: http function initialized (http://127.0.0.1:5001/mindly-7f7c4/us-central1/generateStudyPlan). {"metadata":{"emulator":{"name":"functions"},"message":"\u001b[1mhttp\u001b[22m function initialized (http://127.0.0.1:5001/mindly-7f7c4/us-central1/generateStudyPlan)."}}
[debug] [2026-07-18T11:02:28.785Z] Could not find VSCode notification endpoint: FetchError: request to http://localhost:40001/vscode/notify failed, reason: . If you are not running the Firebase SQL Connect VSCode extension, this is expected and not an issue.
[info] 
┌─────────────────────────────────────────────────────────────┐
│ ✔  All emulators ready! It is now safe to connect your app. │
│ i  View Emulator UI at http://127.0.0.1:4000/               │
└─────────────────────────────────────────────────────────────┘

┌────────────┬────────────────┬──────────────────────────────────┐
│ Emulator   │ Host:Port      │ View in Emulator UI              │
├────────────┼────────────────┼──────────────────────────────────┤
│ Functions  │ 127.0.0.1:5001 │ http://127.0.0.1:4000/functions  │
├────────────┼────────────────┼──────────────────────────────────┤
│ Extensions │ 127.0.0.1:5001 │ http://127.0.0.1:4000/extensions │
└────────────┴────────────────┴──────────────────────────────────┘
  Emulator Hub host: 127.0.0.1 port: 4400
  Other reserved ports: 4500
┌─────────────────────────┬───────────────┬─────────────────────┐
│ Extension Instance Name │ Extension Ref │ View in Emulator UI │
└─────────────────────────┴───────────────┴─────────────────────┘
Issues? Report them at https://github.com/firebase/firebase-tools/issues and attach the *-debug.log files.
 
[debug] [2026-07-18T11:24:01.537Z] [work-queue] {"queuedWork":["/mindly-7f7c4/us-central1/extractText-2026-07-18T11:24:01.537Z"],"queueLength":1,"runningWork":[],"workRunningCount":0}
[debug] [2026-07-18T11:24:01.539Z] [work-queue] {"queuedWork":[],"queueLength":0,"runningWork":["/mindly-7f7c4/us-central1/extractText-2026-07-18T11:24:01.537Z"],"workRunningCount":1}
[debug] [2026-07-18T11:24:01.541Z] Accepted request OPTIONS /mindly-7f7c4/us-central1/extractText --> us-central1-extractText
[debug] [2026-07-18T11:24:01.548Z] [functions] Runtime ready! Sending request! {"metadata":{"emulator":{"name":"functions"},"message":"[functions] Runtime ready! Sending request!"}}
[debug] [2026-07-18T11:24:01.551Z] [functions] Got req.url=/mindly-7f7c4/us-central1/extractText, mapping to path=/ {"metadata":{"emulator":{"name":"functions"},"message":"[functions] Got req.url=/mindly-7f7c4/us-central1/extractText, mapping to path=/"}}
[info] i  functions: Loaded environment variables from .env. 
[debug] [2026-07-18T11:24:01.650Z] [worker-pool] addWorker(us-central1-extractText) {"metadata":{"emulator":{"name":"functions"},"message":"[worker-pool] addWorker(us-central1-extractText)"}}
[debug] [2026-07-18T11:24:01.657Z] [worker-pool] Adding worker with key us-central1-extractText, total=1 {"metadata":{"emulator":{"name":"functions"},"message":"[worker-pool] Adding worker with key us-central1-extractText, total=1"}}
[debug] [2026-07-18T11:24:06.430Z] [runtime-status] [22912] Resolved module firebase-admin {"declared":true,"installed":true,"version":"13.10.0","resolution":"D:\\FYP\\Mindly\\functions\\node_modules\\firebase-admin\\lib\\index.js"} {"metadata":{"emulator":{"name":"functions"},"function":{"name":"us-central1-extractText"},"extension":{},"message":"[runtime-status] [22912] Resolved module firebase-admin {\"declared\":true,\"installed\":true,\"version\":\"13.10.0\",\"resolution\":\"D:\\\\FYP\\\\Mindly\\\\functions\\\\node_modules\\\\firebase-admin\\\\lib\\\\index.js\"}"}}
[debug] [2026-07-18T11:24:06.435Z] [runtime-status] [22912] Resolved module firebase-functions {"declared":true,"installed":true,"version":"7.2.5","resolution":"D:\\FYP\\Mindly\\functions\\node_modules\\firebase-functions\\lib\\v2\\index.js"} {"metadata":{"emulator":{"name":"functions"},"function":{"name":"us-central1-extractText"},"extension":{},"message":"[runtime-status] [22912] Resolved module firebase-functions {\"declared\":true,\"installed\":true,\"version\":\"7.2.5\",\"resolution\":\"D:\\\\FYP\\\\Mindly\\\\functions\\\\node_modules\\\\firebase-functions\\\\lib\\\\v2\\\\index.js\"}"}}
[debug] [2026-07-18T11:24:06.437Z] [runtime-status] [22912] Outgoing network have been stubbed. [{"name":"http","status":"mocked"},{"name":"http","status":"mocked"},{"name":"https","status":"mocked"},{"name":"https","status":"mocked"},{"name":"net","status":"mocked"}] {"metadata":{"emulator":{"name":"functions"},"function":{"name":"us-central1-extractText"},"extension":{},"message":"[runtime-status] [22912] Outgoing network have been stubbed. [{\"name\":\"http\",\"status\":\"mocked\"},{\"name\":\"http\",\"status\":\"mocked\"},{\"name\":\"https\",\"status\":\"mocked\"},{\"name\":\"https\",\"status\":\"mocked\"},{\"name\":\"net\",\"status\":\"mocked\"}]"}}
[debug] [2026-07-18T11:24:06.441Z] [runtime-status] [22912] Resolved module firebase-functions {"declared":true,"installed":true,"version":"7.2.5","resolution":"D:\\FYP\\Mindly\\functions\\node_modules\\firebase-functions\\lib\\v2\\index.js"} {"metadata":{"emulator":{"name":"functions"},"function":{"name":"us-central1-extractText"},"extension":{},"message":"[runtime-status] [22912] Resolved module firebase-functions {\"declared\":true,\"installed\":true,\"version\":\"7.2.5\",\"resolution\":\"D:\\\\FYP\\\\Mindly\\\\functions\\\\node_modules\\\\firebase-functions\\\\lib\\\\v2\\\\index.js\"}"}}
[debug] [2026-07-18T11:24:06.442Z] [runtime-status] [22912] Detected firebase-functions v7+, skipping legacy stubs. {"metadata":{"emulator":{"name":"functions"},"function":{"name":"us-central1-extractText"},"extension":{},"message":"[runtime-status] [22912] Detected firebase-functions v7+, skipping legacy stubs."}}
[debug] [2026-07-18T11:24:06.444Z] [runtime-status] [22912] Resolved module firebase-admin {"declared":true,"installed":true,"version":"13.10.0","resolution":"D:\\FYP\\Mindly\\functions\\node_modules\\firebase-admin\\lib\\index.js"} {"metadata":{"emulator":{"name":"functions"},"function":{"name":"us-central1-extractText"},"extension":{},"message":"[runtime-status] [22912] Resolved module firebase-admin {\"declared\":true,\"installed\":true,\"version\":\"13.10.0\",\"resolution\":\"D:\\\\FYP\\\\Mindly\\\\functions\\\\node_modules\\\\firebase-admin\\\\lib\\\\index.js\"}"}}
[debug] [2026-07-18T11:24:06.813Z] [runtime-status] [22912] Resolved module firebase-functions {"declared":true,"installed":true,"version":"7.2.5","resolution":"D:\\FYP\\Mindly\\functions\\node_modules\\firebase-functions\\lib\\v2\\index.js"} {"metadata":{"emulator":{"name":"functions"},"function":{"name":"us-central1-extractText"},"extension":{},"message":"[runtime-status] [22912] Resolved module firebase-functions {\"declared\":true,\"installed\":true,\"version\":\"7.2.5\",\"resolution\":\"D:\\\\FYP\\\\Mindly\\\\functions\\\\node_modules\\\\firebase-functions\\\\lib\\\\v2\\\\index.js\"}"}}
[debug] [2026-07-18T11:24:08.329Z] [runtime-status] [22912] firebase-admin has been stubbed. {"adminResolution":{"declared":true,"installed":true,"version":"13.10.0","resolution":"D:\\FYP\\Mindly\\functions\\node_modules\\firebase-admin\\lib\\index.js"}} {"metadata":{"emulator":{"name":"functions"},"function":{"name":"us-central1-extractText"},"extension":{},"message":"[runtime-status] [22912] firebase-admin has been stubbed. {\"adminResolution\":{\"declared\":true,\"installed\":true,\"version\":\"13.10.0\",\"resolution\":\"D:\\\\FYP\\\\Mindly\\\\functions\\\\node_modules\\\\firebase-admin\\\\lib\\\\index.js\"}}"}}
[debug] [2026-07-18T11:24:08.370Z] [runtime-status] [22912] Functions runtime initialized. {"cwd":"D:\\FYP\\Mindly\\functions","node_version":"24.15.0"} {"metadata":{"emulator":{"name":"functions"},"function":{"name":"us-central1-extractText"},"extension":{},"message":"[runtime-status] [22912] Functions runtime initialized. {\"cwd\":\"D:\\\\FYP\\\\Mindly\\\\functions\",\"node_version\":\"24.15.0\"}"}}
[debug] [2026-07-18T11:24:08.372Z] [runtime-status] [22912] Listening to port: \\?\pipe\fire_emu_c4181b460d06359c {"metadata":{"emulator":{"name":"functions"},"function":{"name":"us-central1-extractText"},"extension":{},"message":"[runtime-status] [22912] Listening to port: \\\\?\\pipe\\fire_emu_c4181b460d06359c"}}
[debug] [2026-07-18T11:24:08.458Z] [worker-us-central1-extractText-3f868c4d-0c24-4711-b788-58ac4a220073]: IDLE {"metadata":{"emulator":{"name":"functions"},"function":{"name":"us-central1-extractText"},"extension":{},"message":"[worker-us-central1-extractText-3f868c4d-0c24-4711-b788-58ac4a220073]: IDLE"}}
[debug] [2026-07-18T11:24:08.460Z] [worker-pool] submitRequest(triggerId=us-central1-extractText) {"metadata":{"emulator":{"name":"functions"},"message":"[worker-pool] submitRequest(triggerId=us-central1-extractText)"}}
[info] i  functions: Beginning execution of "us-central1-extractText" {"metadata":{"emulator":{"name":"functions"},"function":{"name":"us-central1-extractText"},"extension":{},"message":"Beginning execution of \"us-central1-extractText\""}}
[debug] [2026-07-18T11:24:08.462Z] [worker-us-central1-extractText-3f868c4d-0c24-4711-b788-58ac4a220073]: BUSY {"metadata":{"emulator":{"name":"functions"},"function":{"name":"us-central1-extractText"},"extension":{},"message":"[worker-us-central1-extractText-3f868c4d-0c24-4711-b788-58ac4a220073]: BUSY"}}
[debug] [2026-07-18T11:24:08.484Z] Finishing up request with event=pause {"metadata":{"emulator":{"name":"functions"},"function":{"name":"us-central1-extractText"},"extension":{},"message":"Finishing up request with event=pause"}}
[info] i  functions: Finished "us-central1-extractText" in 22.9485ms {"metadata":{"emulator":{"name":"functions"},"function":{"name":"us-central1-extractText"},"extension":{},"message":"Finished \"us-central1-extractText\" in 22.9485ms"}}
[debug] [2026-07-18T11:24:08.487Z] [worker-us-central1-extractText-3f868c4d-0c24-4711-b788-58ac4a220073]: IDLE {"metadata":{"emulator":{"name":"functions"},"function":{"name":"us-central1-extractText"},"extension":{},"message":"[worker-us-central1-extractText-3f868c4d-0c24-4711-b788-58ac4a220073]: IDLE"}}
[debug] [2026-07-18T11:24:08.488Z] Finishing up request with event=finish {"metadata":{"emulator":{"name":"functions"},"function":{"name":"us-central1-extractText"},"extension":{},"message":"Finishing up request with event=finish"}}
[debug] [2026-07-18T11:24:08.489Z] Finishing up request with event=close {"metadata":{"emulator":{"name":"functions"},"function":{"name":"us-central1-extractText"},"extension":{},"message":"Finishing up request with event=close"}}
[debug] [2026-07-18T11:24:08.490Z] [work-queue] {"queuedWork":[],"queueLength":0,"runningWork":[],"workRunningCount":0}
[debug] [2026-07-18T11:24:08.503Z] [work-queue] {"queuedWork":["/mindly-7f7c4/us-central1/extractText-2026-07-18T11:24:08.503Z"],"queueLength":1,"runningWork":[],"workRunningCount":0}
[debug] [2026-07-18T11:24:08.504Z] [work-queue] {"queuedWork":[],"queueLength":0,"runningWork":["/mindly-7f7c4/us-central1/extractText-2026-07-18T11:24:08.503Z"],"workRunningCount":1}
[debug] [2026-07-18T11:24:08.504Z] Accepted request POST /mindly-7f7c4/us-central1/extractText --> us-central1-extractText
[debug] [2026-07-18T11:24:08.506Z] [functions] Runtime ready! Sending request! {"metadata":{"emulator":{"name":"functions"},"message":"[functions] Runtime ready! Sending request!"}}
[debug] [2026-07-18T11:24:08.507Z] [functions] Got req.url=/mindly-7f7c4/us-central1/extractText, mapping to path=/ {"metadata":{"emulator":{"name":"functions"},"message":"[functions] Got req.url=/mindly-7f7c4/us-central1/extractText, mapping to path=/"}}
[debug] [2026-07-18T11:24:08.507Z] [worker-pool] submitRequest(triggerId=us-central1-extractText) {"metadata":{"emulator":{"name":"functions"},"message":"[worker-pool] submitRequest(triggerId=us-central1-extractText)"}}
[info] i  functions: Beginning execution of "us-central1-extractText" {"metadata":{"emulator":{"name":"functions"},"function":{"name":"us-central1-extractText"},"extension":{},"message":"Beginning execution of \"us-central1-extractText\""}}
[debug] [2026-07-18T11:24:08.509Z] [worker-us-central1-extractText-3f868c4d-0c24-4711-b788-58ac4a220073]: BUSY {"metadata":{"emulator":{"name":"functions"},"function":{"name":"us-central1-extractText"},"extension":{},"message":"[worker-us-central1-extractText-3f868c4d-0c24-4711-b788-58ac4a220073]: BUSY"}}
[info] >  {"severity":"INFO","message":"Received file: E&L _ Lec_CH1_07-4-2026.pdf for extraction."} {"user":{"severity":"INFO","message":"Received file: E&L _ Lec_CH1_07-4-2026.pdf for extraction."},"metadata":{"emulator":{"name":"functions"},"function":{"name":"us-central1-extractText"},"extension":{},"message":"\u001b[90m> \u001b[39m {\"severity\":\"INFO\",\"message\":\"Received file: E&L _ Lec_CH1_07-4-2026.pdf for extraction.\"}"}}
[info] >  {"severity":"INFO","message":"Sending request to Unstructured.io API..."} {"user":{"severity":"INFO","message":"Sending request to Unstructured.io API..."},"metadata":{"emulator":{"name":"functions"},"function":{"name":"us-central1-extractText"},"extension":{},"message":"\u001b[90m> \u001b[39m {\"severity\":\"INFO\",\"message\":\"Sending request to Unstructured.io API...\"}"}}
[info] >  {"severity":"INFO","message":"Extraction successful for E&L _ Lec_CH1_07-4-2026.pdf. Sending elements back to client."} {"user":{"severity":"INFO","message":"Extraction successful for E&L _ Lec_CH1_07-4-2026.pdf. Sending elements back to client."},"metadata":{"emulator":{"name":"functions"},"function":{"name":"us-central1-extractText"},"extension":{},"message":"\u001b[90m> \u001b[39m {\"severity\":\"INFO\",\"message\":\"Extraction successful for E&L _ Lec_CH1_07-4-2026.pdf. Sending elements back to client.\"}"}}
[debug] [2026-07-18T11:24:12.812Z] Finishing up request with event=pause {"metadata":{"emulator":{"name":"functions"},"function":{"name":"us-central1-extractText"},"extension":{},"message":"Finishing up request with event=pause"}}
[info] i  functions: Finished "us-central1-extractText" in 4303.6799ms {"metadata":{"emulator":{"name":"functions"},"function":{"name":"us-central1-extractText"},"extension":{},"message":"Finished \"us-central1-extractText\" in 4303.6799ms"}}
[debug] [2026-07-18T11:24:12.814Z] [worker-us-central1-extractText-3f868c4d-0c24-4711-b788-58ac4a220073]: IDLE {"metadata":{"emulator":{"name":"functions"},"function":{"name":"us-central1-extractText"},"extension":{},"message":"[worker-us-central1-extractText-3f868c4d-0c24-4711-b788-58ac4a220073]: IDLE"}}
[debug] [2026-07-18T11:24:12.818Z] Finishing up request with event=finish {"metadata":{"emulator":{"name":"functions"},"function":{"name":"us-central1-extractText"},"extension":{},"message":"Finishing up request with event=finish"}}
[debug] [2026-07-18T11:24:12.819Z] Finishing up request with event=close {"metadata":{"emulator":{"name":"functions"},"function":{"name":"us-central1-extractText"},"extension":{},"message":"Finishing up request with event=close"}}
[debug] [2026-07-18T11:24:12.820Z] [work-queue] {"queuedWork":[],"queueLength":0,"runningWork":[],"workRunningCount":0}
[debug] [2026-07-18T11:24:12.845Z] [work-queue] {"queuedWork":["/mindly-7f7c4/us-central1/generateStudyPlan-2026-07-18T11:24:12.845Z"],"queueLength":1,"runningWork":[],"workRunningCount":0}
[debug] [2026-07-18T11:24:12.846Z] [work-queue] {"queuedWork":[],"queueLength":0,"runningWork":["/mindly-7f7c4/us-central1/generateStudyPlan-2026-07-18T11:24:12.845Z"],"workRunningCount":1}
[debug] [2026-07-18T11:24:12.847Z] Accepted request OPTIONS /mindly-7f7c4/us-central1/generateStudyPlan --> us-central1-generateStudyPlan
[debug] [2026-07-18T11:24:12.850Z] [functions] Runtime ready! Sending request! {"metadata":{"emulator":{"name":"functions"},"message":"[functions] Runtime ready! Sending request!"}}
[debug] [2026-07-18T11:24:12.850Z] [functions] Got req.url=/mindly-7f7c4/us-central1/generateStudyPlan, mapping to path=/ {"metadata":{"emulator":{"name":"functions"},"message":"[functions] Got req.url=/mindly-7f7c4/us-central1/generateStudyPlan, mapping to path=/"}}
[info] i  functions: Loaded environment variables from .env. 
[debug] [2026-07-18T11:24:12.931Z] [worker-pool] addWorker(us-central1-generateStudyPlan) {"metadata":{"emulator":{"name":"functions"},"message":"[worker-pool] addWorker(us-central1-generateStudyPlan)"}}
[debug] [2026-07-18T11:24:12.932Z] [worker-pool] Adding worker with key us-central1-generateStudyPlan, total=1 {"metadata":{"emulator":{"name":"functions"},"message":"[worker-pool] Adding worker with key us-central1-generateStudyPlan, total=1"}}
[debug] [2026-07-18T11:24:15.923Z] [runtime-status] [23464] Resolved module firebase-admin {"declared":true,"installed":true,"version":"13.10.0","resolution":"D:\\FYP\\Mindly\\functions\\node_modules\\firebase-admin\\lib\\index.js"} {"metadata":{"emulator":{"name":"functions"},"function":{"name":"us-central1-generateStudyPlan"},"extension":{},"message":"[runtime-status] [23464] Resolved module firebase-admin {\"declared\":true,\"installed\":true,\"version\":\"13.10.0\",\"resolution\":\"D:\\\\FYP\\\\Mindly\\\\functions\\\\node_modules\\\\firebase-admin\\\\lib\\\\index.js\"}"}}
[debug] [2026-07-18T11:24:15.928Z] [runtime-status] [23464] Resolved module firebase-functions {"declared":true,"installed":true,"version":"7.2.5","resolution":"D:\\FYP\\Mindly\\functions\\node_modules\\firebase-functions\\lib\\v2\\index.js"} {"metadata":{"emulator":{"name":"functions"},"function":{"name":"us-central1-generateStudyPlan"},"extension":{},"message":"[runtime-status] [23464] Resolved module firebase-functions {\"declared\":true,\"installed\":true,\"version\":\"7.2.5\",\"resolution\":\"D:\\\\FYP\\\\Mindly\\\\functions\\\\node_modules\\\\firebase-functions\\\\lib\\\\v2\\\\index.js\"}"}}
[debug] [2026-07-18T11:24:15.929Z] [runtime-status] [23464] Outgoing network have been stubbed. [{"name":"http","status":"mocked"},{"name":"http","status":"mocked"},{"name":"https","status":"mocked"},{"name":"https","status":"mocked"},{"name":"net","status":"mocked"}] {"metadata":{"emulator":{"name":"functions"},"function":{"name":"us-central1-generateStudyPlan"},"extension":{},"message":"[runtime-status] [23464] Outgoing network have been stubbed. [{\"name\":\"http\",\"status\":\"mocked\"},{\"name\":\"http\",\"status\":\"mocked\"},{\"name\":\"https\",\"status\":\"mocked\"},{\"name\":\"https\",\"status\":\"mocked\"},{\"name\":\"net\",\"status\":\"mocked\"}]"}}
[debug] [2026-07-18T11:24:15.932Z] [runtime-status] [23464] Resolved module firebase-functions {"declared":true,"installed":true,"version":"7.2.5","resolution":"D:\\FYP\\Mindly\\functions\\node_modules\\firebase-functions\\lib\\v2\\index.js"} {"metadata":{"emulator":{"name":"functions"},"function":{"name":"us-central1-generateStudyPlan"},"extension":{},"message":"[runtime-status] [23464] Resolved module firebase-functions {\"declared\":true,\"installed\":true,\"version\":\"7.2.5\",\"resolution\":\"D:\\\\FYP\\\\Mindly\\\\functions\\\\node_modules\\\\firebase-functions\\\\lib\\\\v2\\\\index.js\"}"}}
[debug] [2026-07-18T11:24:15.932Z] [runtime-status] [23464] Detected firebase-functions v7+, skipping legacy stubs. {"metadata":{"emulator":{"name":"functions"},"function":{"name":"us-central1-generateStudyPlan"},"extension":{},"message":"[runtime-status] [23464] Detected firebase-functions v7+, skipping legacy stubs."}}
[debug] [2026-07-18T11:24:15.934Z] [runtime-status] [23464] Resolved module firebase-admin {"declared":true,"installed":true,"version":"13.10.0","resolution":"D:\\FYP\\Mindly\\functions\\node_modules\\firebase-admin\\lib\\index.js"} {"metadata":{"emulator":{"name":"functions"},"function":{"name":"us-central1-generateStudyPlan"},"extension":{},"message":"[runtime-status] [23464] Resolved module firebase-admin {\"declared\":true,\"installed\":true,\"version\":\"13.10.0\",\"resolution\":\"D:\\\\FYP\\\\Mindly\\\\functions\\\\node_modules\\\\firebase-admin\\\\lib\\\\index.js\"}"}}
[debug] [2026-07-18T11:24:16.233Z] [runtime-status] [23464] Resolved module firebase-functions {"declared":true,"installed":true,"version":"7.2.5","resolution":"D:\\FYP\\Mindly\\functions\\node_modules\\firebase-functions\\lib\\v2\\index.js"} {"metadata":{"emulator":{"name":"functions"},"function":{"name":"us-central1-generateStudyPlan"},"extension":{},"message":"[runtime-status] [23464] Resolved module firebase-functions {\"declared\":true,\"installed\":true,\"version\":\"7.2.5\",\"resolution\":\"D:\\\\FYP\\\\Mindly\\\\functions\\\\node_modules\\\\firebase-functions\\\\lib\\\\v2\\\\index.js\"}"}}
[debug] [2026-07-18T11:24:17.170Z] [runtime-status] [23464] firebase-admin has been stubbed. {"adminResolution":{"declared":true,"installed":true,"version":"13.10.0","resolution":"D:\\FYP\\Mindly\\functions\\node_modules\\firebase-admin\\lib\\index.js"}} {"metadata":{"emulator":{"name":"functions"},"function":{"name":"us-central1-generateStudyPlan"},"extension":{},"message":"[runtime-status] [23464] firebase-admin has been stubbed. {\"adminResolution\":{\"declared\":true,\"installed\":true,\"version\":\"13.10.0\",\"resolution\":\"D:\\\\FYP\\\\Mindly\\\\functions\\\\node_modules\\\\firebase-admin\\\\lib\\\\index.js\"}}"}}
[debug] [2026-07-18T11:24:17.207Z] [runtime-status] [23464] Functions runtime initialized. {"cwd":"D:\\FYP\\Mindly\\functions","node_version":"24.15.0"} {"metadata":{"emulator":{"name":"functions"},"function":{"name":"us-central1-generateStudyPlan"},"extension":{},"message":"[runtime-status] [23464] Functions runtime initialized. {\"cwd\":\"D:\\\\FYP\\\\Mindly\\\\functions\",\"node_version\":\"24.15.0\"}"}}
[debug] [2026-07-18T11:24:17.208Z] [runtime-status] [23464] Listening to port: \\?\pipe\fire_emu_2c00e909958f8104 {"metadata":{"emulator":{"name":"functions"},"function":{"name":"us-central1-generateStudyPlan"},"extension":{},"message":"[runtime-status] [23464] Listening to port: \\\\?\\pipe\\fire_emu_2c00e909958f8104"}}
[debug] [2026-07-18T11:24:17.264Z] [worker-us-central1-generateStudyPlan-8af66454-3d8f-4b40-b427-25b74b1e0d93]: IDLE {"metadata":{"emulator":{"name":"functions"},"function":{"name":"us-central1-generateStudyPlan"},"extension":{},"message":"[worker-us-central1-generateStudyPlan-8af66454-3d8f-4b40-b427-25b74b1e0d93]: IDLE"}}
[debug] [2026-07-18T11:24:17.265Z] [worker-pool] submitRequest(triggerId=us-central1-generateStudyPlan) {"metadata":{"emulator":{"name":"functions"},"message":"[worker-pool] submitRequest(triggerId=us-central1-generateStudyPlan)"}}
[info] i  functions: Beginning execution of "us-central1-generateStudyPlan" {"metadata":{"emulator":{"name":"functions"},"function":{"name":"us-central1-generateStudyPlan"},"extension":{},"message":"Beginning execution of \"us-central1-generateStudyPlan\""}}
[debug] [2026-07-18T11:24:17.266Z] [worker-us-central1-generateStudyPlan-8af66454-3d8f-4b40-b427-25b74b1e0d93]: BUSY {"metadata":{"emulator":{"name":"functions"},"function":{"name":"us-central1-generateStudyPlan"},"extension":{},"message":"[worker-us-central1-generateStudyPlan-8af66454-3d8f-4b40-b427-25b74b1e0d93]: BUSY"}}
[debug] [2026-07-18T11:24:17.277Z] Finishing up request with event=pause {"metadata":{"emulator":{"name":"functions"},"function":{"name":"us-central1-generateStudyPlan"},"extension":{},"message":"Finishing up request with event=pause"}}
[info] i  functions: Finished "us-central1-generateStudyPlan" in 11.1379ms {"metadata":{"emulator":{"name":"functions"},"function":{"name":"us-central1-generateStudyPlan"},"extension":{},"message":"Finished \"us-central1-generateStudyPlan\" in 11.1379ms"}}
[debug] [2026-07-18T11:24:17.278Z] [worker-us-central1-generateStudyPlan-8af66454-3d8f-4b40-b427-25b74b1e0d93]: IDLE {"metadata":{"emulator":{"name":"functions"},"function":{"name":"us-central1-generateStudyPlan"},"extension":{},"message":"[worker-us-central1-generateStudyPlan-8af66454-3d8f-4b40-b427-25b74b1e0d93]: IDLE"}}
[debug] [2026-07-18T11:24:17.278Z] Finishing up request with event=finish {"metadata":{"emulator":{"name":"functions"},"function":{"name":"us-central1-generateStudyPlan"},"extension":{},"message":"Finishing up request with event=finish"}}
[debug] [2026-07-18T11:24:17.279Z] Finishing up request with event=close {"metadata":{"emulator":{"name":"functions"},"function":{"name":"us-central1-generateStudyPlan"},"extension":{},"message":"Finishing up request with event=close"}}
[debug] [2026-07-18T11:24:17.279Z] [work-queue] {"queuedWork":[],"queueLength":0,"runningWork":[],"workRunningCount":0}
[debug] [2026-07-18T11:24:17.284Z] [work-queue] {"queuedWork":["/mindly-7f7c4/us-central1/generateStudyPlan-2026-07-18T11:24:17.284Z"],"queueLength":1,"runningWork":[],"workRunningCount":0}
[debug] [2026-07-18T11:24:17.284Z] [work-queue] {"queuedWork":[],"queueLength":0,"runningWork":["/mindly-7f7c4/us-central1/generateStudyPlan-2026-07-18T11:24:17.284Z"],"workRunningCount":1}
[debug] [2026-07-18T11:24:17.284Z] Accepted request POST /mindly-7f7c4/us-central1/generateStudyPlan --> us-central1-generateStudyPlan
[debug] [2026-07-18T11:24:17.286Z] [functions] Runtime ready! Sending request! {"metadata":{"emulator":{"name":"functions"},"message":"[functions] Runtime ready! Sending request!"}}
[debug] [2026-07-18T11:24:17.286Z] [functions] Got req.url=/mindly-7f7c4/us-central1/generateStudyPlan, mapping to path=/ {"metadata":{"emulator":{"name":"functions"},"message":"[functions] Got req.url=/mindly-7f7c4/us-central1/generateStudyPlan, mapping to path=/"}}
[debug] [2026-07-18T11:24:17.287Z] [worker-pool] submitRequest(triggerId=us-central1-generateStudyPlan) {"metadata":{"emulator":{"name":"functions"},"message":"[worker-pool] submitRequest(triggerId=us-central1-generateStudyPlan)"}}
[info] i  functions: Beginning execution of "us-central1-generateStudyPlan" {"metadata":{"emulator":{"name":"functions"},"function":{"name":"us-central1-generateStudyPlan"},"extension":{},"message":"Beginning execution of \"us-central1-generateStudyPlan\""}}
[debug] [2026-07-18T11:24:17.288Z] [worker-us-central1-generateStudyPlan-8af66454-3d8f-4b40-b427-25b74b1e0d93]: BUSY {"metadata":{"emulator":{"name":"functions"},"function":{"name":"us-central1-generateStudyPlan"},"extension":{},"message":"[worker-us-central1-generateStudyPlan-8af66454-3d8f-4b40-b427-25b74b1e0d93]: BUSY"}}
[debug] [2026-07-18T11:24:27.378Z] Finishing up request with event=pause {"metadata":{"emulator":{"name":"functions"},"function":{"name":"us-central1-generateStudyPlan"},"extension":{},"message":"Finishing up request with event=pause"}}
[info] i  functions: Finished "us-central1-generateStudyPlan" in 10090.882ms {"metadata":{"emulator":{"name":"functions"},"function":{"name":"us-central1-generateStudyPlan"},"extension":{},"message":"Finished \"us-central1-generateStudyPlan\" in 10090.882ms"}}
[debug] [2026-07-18T11:24:27.380Z] [worker-us-central1-generateStudyPlan-8af66454-3d8f-4b40-b427-25b74b1e0d93]: IDLE {"metadata":{"emulator":{"name":"functions"},"function":{"name":"us-central1-generateStudyPlan"},"extension":{},"message":"[worker-us-central1-generateStudyPlan-8af66454-3d8f-4b40-b427-25b74b1e0d93]: IDLE"}}
[debug] [2026-07-18T11:24:27.381Z] Finishing up request with event=finish {"metadata":{"emulator":{"name":"functions"},"function":{"name":"us-central1-generateStudyPlan"},"extension":{},"message":"Finishing up request with event=finish"}}
[debug] [2026-07-18T11:24:27.381Z] Finishing up request with event=close {"metadata":{"emulator":{"name":"functions"},"function":{"name":"us-central1-generateStudyPlan"},"extension":{},"message":"Finishing up request with event=close"}}
[debug] [2026-07-18T11:24:27.382Z] [work-queue] {"queuedWork":[],"queueLength":0,"runningWork":[],"workRunningCount":0}
[debug] [2026-07-18T11:30:12.557Z] File D:\FYP\Mindly\functions\index.js changed, reloading triggers {"metadata":{"emulator":{"name":"functions"},"message":"File D:\\FYP\\Mindly\\functions\\index.js changed, reloading triggers"}}
[debug] [2026-07-18T11:30:13.561Z] Validating nodejs source
[warn] !  functions: package.json indicates an outdated version of firebase-functions. Please upgrade using npm install --save firebase-functions@latest in your functions directory. 
[debug] [2026-07-18T11:30:18.355Z] > [functions] package.json contents: {
  "name": "functions",
  "description": "Cloud Functions for Firebase",
  "scripts": {
    "serve": "firebase emulators:start --only functions",
    "shell": "firebase functions:shell",
    "start": "npm run shell",
    "deploy": "firebase deploy --only functions",
    "logs": "firebase functions:log"
  },
  "engines": {
    "node": "24"
  },
  "main": "index.js",
  "dependencies": {
    "@google/generative-ai": "^0.24.1",
    "firebase-admin": "^13.6.0",
    "firebase-functions": "^7.0.0"
  },
  "devDependencies": {
    "firebase-functions-test": "^3.4.1"
  },
  "private": true
}
[debug] [2026-07-18T11:30:18.355Z] Building nodejs source
[debug] [2026-07-18T11:30:18.355Z] Failed to find version of module node: reached end of search path D:\FYP\Mindly\functions\node_modules
[info] +  functions: Using node@24 from host. 
[info] i  functions: Loaded environment variables from .env. 
[debug] [2026-07-18T11:30:18.359Z] Could not find functions.yaml. Must use http discovery
[debug] [2026-07-18T11:30:18.400Z] Found firebase-functions binary at 'D:\FYP\Mindly\functions\node_modules\.bin\firebase-functions'
[info] Serving at port 8516

[debug] [2026-07-18T11:30:20.009Z] Got response from /__/functions.yaml {"endpoints":{"extractText":{"availableMemoryMb":null,"timeoutSeconds":null,"minInstances":null,"maxInstances":10,"ingressSettings":null,"concurrency":null,"serviceAccountEmail":null,"vpc":null,"platform":"gcfv2","labels":{},"httpsTrigger":{},"entryPoint":"extractText"},"chatWithGemini":{"availableMemoryMb":null,"timeoutSeconds":null,"minInstances":null,"maxInstances":10,"ingressSettings":null,"concurrency":null,"serviceAccountEmail":null,"vpc":null,"platform":"gcfv2","labels":{},"httpsTrigger":{},"entryPoint":"chatWithGemini"},"generateLesson":{"availableMemoryMb":null,"timeoutSeconds":null,"minInstances":null,"maxInstances":10,"ingressSettings":null,"concurrency":null,"serviceAccountEmail":null,"vpc":null,"platform":"gcfv2","labels":{},"httpsTrigger":{},"entryPoint":"generateLesson"},"generateQuiz":{"availableMemoryMb":null,"timeoutSeconds":null,"minInstances":null,"maxInstances":10,"ingressSettings":null,"concurrency":null,"serviceAccountEmail":null,"vpc":null,"platform":"gcfv2","labels":{},"httpsTrigger":{},"entryPoint":"generateQuiz"},"generateStudyPlan":{"availableMemoryMb":null,"timeoutSeconds":null,"minInstances":null,"maxInstances":10,"ingressSettings":null,"concurrency":null,"serviceAccountEmail":null,"vpc":null,"platform":"gcfv2","labels":{},"httpsTrigger":{},"entryPoint":"generateStudyPlan"}},"specVersion":"v1alpha1","requiredAPIs":[],"extensions":{}}
[debug] [2026-07-18T11:30:24.133Z] defaultcredentials: writing to file C:\Users\joevi\AppData\Roaming\firebase\joevinry_gmail_com_application_default_credentials.json
[debug] [2026-07-18T11:30:24.137Z] Setting GAC to C:\Users\joevi\AppData\Roaming\firebase\joevinry_gmail_com_application_default_credentials.json {"metadata":{"emulator":{"name":"functions"},"message":"Setting GAC to C:\\Users\\joevi\\AppData\\Roaming\\firebase\\joevinry_gmail_com_application_default_credentials.json"}}
[info] +  functions: Loaded functions definitions from source: extractText, chatWithGemini, generateLesson, generateQuiz, generateStudyPlan. {"metadata":{"emulator":{"name":"functions"},"message":"Loaded functions definitions from source: extractText, chatWithGemini, generateLesson, generateQuiz, generateStudyPlan."}}
[debug] [2026-07-18T11:30:24.142Z] [worker-pool] Shutting down IDLE worker (us-central1-extractText) {"metadata":{"emulator":{"name":"functions"},"message":"[worker-pool] Shutting down IDLE worker (us-central1-extractText)"}}
[debug] [2026-07-18T11:30:24.142Z] [worker-us-central1-extractText-3f868c4d-0c24-4711-b788-58ac4a220073]: FINISHING {"metadata":{"emulator":{"name":"functions"},"function":{"name":"us-central1-extractText"},"extension":{},"message":"[worker-us-central1-extractText-3f868c4d-0c24-4711-b788-58ac4a220073]: FINISHING"}}
[debug] [2026-07-18T11:30:24.145Z] [worker-pool] Shutting down IDLE worker (us-central1-generateStudyPlan) {"metadata":{"emulator":{"name":"functions"},"message":"[worker-pool] Shutting down IDLE worker (us-central1-generateStudyPlan)"}}
[debug] [2026-07-18T11:30:24.145Z] [worker-us-central1-generateStudyPlan-8af66454-3d8f-4b40-b427-25b74b1e0d93]: FINISHING {"metadata":{"emulator":{"name":"functions"},"function":{"name":"us-central1-generateStudyPlan"},"extension":{},"message":"[worker-us-central1-generateStudyPlan-8af66454-3d8f-4b40-b427-25b74b1e0d93]: FINISHING"}}
[debug] [2026-07-18T11:30:24.189Z] [worker-us-central1-extractText-3f868c4d-0c24-4711-b788-58ac4a220073]: exited {"metadata":{"emulator":{"name":"functions"},"function":{"name":"us-central1-extractText"},"extension":{},"message":"[worker-us-central1-extractText-3f868c4d-0c24-4711-b788-58ac4a220073]: exited"}}
[debug] [2026-07-18T11:30:24.190Z] [worker-us-central1-extractText-3f868c4d-0c24-4711-b788-58ac4a220073]: FINISHED {"metadata":{"emulator":{"name":"functions"},"function":{"name":"us-central1-extractText"},"extension":{},"message":"[worker-us-central1-extractText-3f868c4d-0c24-4711-b788-58ac4a220073]: FINISHED"}}
[debug] [2026-07-18T11:30:24.205Z] [worker-us-central1-generateStudyPlan-8af66454-3d8f-4b40-b427-25b74b1e0d93]: exited {"metadata":{"emulator":{"name":"functions"},"function":{"name":"us-central1-generateStudyPlan"},"extension":{},"message":"[worker-us-central1-generateStudyPlan-8af66454-3d8f-4b40-b427-25b74b1e0d93]: exited"}}
[debug] [2026-07-18T11:30:24.206Z] [worker-us-central1-generateStudyPlan-8af66454-3d8f-4b40-b427-25b74b1e0d93]: FINISHED {"metadata":{"emulator":{"name":"functions"},"function":{"name":"us-central1-generateStudyPlan"},"extension":{},"message":"[worker-us-central1-generateStudyPlan-8af66454-3d8f-4b40-b427-25b74b1e0d93]: FINISHED"}}
[debug] [2026-07-18T11:32:29.134Z] [work-queue] {"queuedWork":["/mindly-7f7c4/us-central1/extractText-2026-07-18T11:32:29.134Z"],"queueLength":1,"runningWork":[],"workRunningCount":0}
[debug] [2026-07-18T11:32:29.134Z] [work-queue] {"queuedWork":[],"queueLength":0,"runningWork":["/mindly-7f7c4/us-central1/extractText-2026-07-18T11:32:29.134Z"],"workRunningCount":1}
[debug] [2026-07-18T11:32:29.135Z] Accepted request OPTIONS /mindly-7f7c4/us-central1/extractText --> us-central1-extractText
[debug] [2026-07-18T11:32:29.137Z] [functions] Runtime ready! Sending request! {"metadata":{"emulator":{"name":"functions"},"message":"[functions] Runtime ready! Sending request!"}}
[debug] [2026-07-18T11:32:29.138Z] [functions] Got req.url=/mindly-7f7c4/us-central1/extractText, mapping to path=/ {"metadata":{"emulator":{"name":"functions"},"message":"[functions] Got req.url=/mindly-7f7c4/us-central1/extractText, mapping to path=/"}}
[debug] [2026-07-18T11:32:29.138Z] [worker-pool] Cleaned up workers for us-central1-extractText: 1 --> 0 {"metadata":{"emulator":{"name":"functions"},"message":"[worker-pool] Cleaned up workers for us-central1-extractText: 1 --> 0"}}
[debug] [2026-07-18T11:32:29.138Z] [worker-pool] Cleaned up workers for us-central1-generateStudyPlan: 1 --> 0 {"metadata":{"emulator":{"name":"functions"},"message":"[worker-pool] Cleaned up workers for us-central1-generateStudyPlan: 1 --> 0"}}
[info] i  functions: Loaded environment variables from .env. 
[debug] [2026-07-18T11:32:29.157Z] [worker-pool] addWorker(us-central1-extractText) {"metadata":{"emulator":{"name":"functions"},"message":"[worker-pool] addWorker(us-central1-extractText)"}}
[debug] [2026-07-18T11:32:29.158Z] [worker-pool] Adding worker with key us-central1-extractText, total=1 {"metadata":{"emulator":{"name":"functions"},"message":"[worker-pool] Adding worker with key us-central1-extractText, total=1"}}
[debug] [2026-07-18T11:32:33.623Z] [runtime-status] [20684] Resolved module firebase-admin {"declared":true,"installed":true,"version":"13.10.0","resolution":"D:\\FYP\\Mindly\\functions\\node_modules\\firebase-admin\\lib\\index.js"} {"metadata":{"emulator":{"name":"functions"},"function":{"name":"us-central1-extractText"},"extension":{},"message":"[runtime-status] [20684] Resolved module firebase-admin {\"declared\":true,\"installed\":true,\"version\":\"13.10.0\",\"resolution\":\"D:\\\\FYP\\\\Mindly\\\\functions\\\\node_modules\\\\firebase-admin\\\\lib\\\\index.js\"}"}}
[debug] [2026-07-18T11:32:33.629Z] [runtime-status] [20684] Resolved module firebase-functions {"declared":true,"installed":true,"version":"7.2.5","resolution":"D:\\FYP\\Mindly\\functions\\node_modules\\firebase-functions\\lib\\v2\\index.js"} {"metadata":{"emulator":{"name":"functions"},"function":{"name":"us-central1-extractText"},"extension":{},"message":"[runtime-status] [20684] Resolved module firebase-functions {\"declared\":true,\"installed\":true,\"version\":\"7.2.5\",\"resolution\":\"D:\\\\FYP\\\\Mindly\\\\functions\\\\node_modules\\\\firebase-functions\\\\lib\\\\v2\\\\index.js\"}"}}
[debug] [2026-07-18T11:32:33.630Z] [runtime-status] [20684] Outgoing network have been stubbed. [{"name":"http","status":"mocked"},{"name":"http","status":"mocked"},{"name":"https","status":"mocked"},{"name":"https","status":"mocked"},{"name":"net","status":"mocked"}] {"metadata":{"emulator":{"name":"functions"},"function":{"name":"us-central1-extractText"},"extension":{},"message":"[runtime-status] [20684] Outgoing network have been stubbed. [{\"name\":\"http\",\"status\":\"mocked\"},{\"name\":\"http\",\"status\":\"mocked\"},{\"name\":\"https\",\"status\":\"mocked\"},{\"name\":\"https\",\"status\":\"mocked\"},{\"name\":\"net\",\"status\":\"mocked\"}]"}}
[debug] [2026-07-18T11:32:33.634Z] [runtime-status] [20684] Resolved module firebase-functions {"declared":true,"installed":true,"version":"7.2.5","resolution":"D:\\FYP\\Mindly\\functions\\node_modules\\firebase-functions\\lib\\v2\\index.js"} {"metadata":{"emulator":{"name":"functions"},"function":{"name":"us-central1-extractText"},"extension":{},"message":"[runtime-status] [20684] Resolved module firebase-functions {\"declared\":true,\"installed\":true,\"version\":\"7.2.5\",\"resolution\":\"D:\\\\FYP\\\\Mindly\\\\functions\\\\node_modules\\\\firebase-functions\\\\lib\\\\v2\\\\index.js\"}"}}
[debug] [2026-07-18T11:32:33.636Z] [runtime-status] [20684] Detected firebase-functions v7+, skipping legacy stubs. {"metadata":{"emulator":{"name":"functions"},"function":{"name":"us-central1-extractText"},"extension":{},"message":"[runtime-status] [20684] Detected firebase-functions v7+, skipping legacy stubs."}}
[debug] [2026-07-18T11:32:33.638Z] [runtime-status] [20684] Resolved module firebase-admin {"declared":true,"installed":true,"version":"13.10.0","resolution":"D:\\FYP\\Mindly\\functions\\node_modules\\firebase-admin\\lib\\index.js"} {"metadata":{"emulator":{"name":"functions"},"function":{"name":"us-central1-extractText"},"extension":{},"message":"[runtime-status] [20684] Resolved module firebase-admin {\"declared\":true,\"installed\":true,\"version\":\"13.10.0\",\"resolution\":\"D:\\\\FYP\\\\Mindly\\\\functions\\\\node_modules\\\\firebase-admin\\\\lib\\\\index.js\"}"}}
[debug] [2026-07-18T11:32:33.887Z] [runtime-status] [20684] Resolved module firebase-functions {"declared":true,"installed":true,"version":"7.2.5","resolution":"D:\\FYP\\Mindly\\functions\\node_modules\\firebase-functions\\lib\\v2\\index.js"} {"metadata":{"emulator":{"name":"functions"},"function":{"name":"us-central1-extractText"},"extension":{},"message":"[runtime-status] [20684] Resolved module firebase-functions {\"declared\":true,\"installed\":true,\"version\":\"7.2.5\",\"resolution\":\"D:\\\\FYP\\\\Mindly\\\\functions\\\\node_modules\\\\firebase-functions\\\\lib\\\\v2\\\\index.js\"}"}}
[debug] [2026-07-18T11:32:35.052Z] [runtime-status] [20684] firebase-admin has been stubbed. {"adminResolution":{"declared":true,"installed":true,"version":"13.10.0","resolution":"D:\\FYP\\Mindly\\functions\\node_modules\\firebase-admin\\lib\\index.js"}} {"metadata":{"emulator":{"name":"functions"},"function":{"name":"us-central1-extractText"},"extension":{},"message":"[runtime-status] [20684] firebase-admin has been stubbed. {\"adminResolution\":{\"declared\":true,\"installed\":true,\"version\":\"13.10.0\",\"resolution\":\"D:\\\\FYP\\\\Mindly\\\\functions\\\\node_modules\\\\firebase-admin\\\\lib\\\\index.js\"}}"}}
[debug] [2026-07-18T11:32:35.106Z] [runtime-status] [20684] Functions runtime initialized. {"cwd":"D:\\FYP\\Mindly\\functions","node_version":"24.15.0"} {"metadata":{"emulator":{"name":"functions"},"function":{"name":"us-central1-extractText"},"extension":{},"message":"[runtime-status] [20684] Functions runtime initialized. {\"cwd\":\"D:\\\\FYP\\\\Mindly\\\\functions\",\"node_version\":\"24.15.0\"}"}}
[debug] [2026-07-18T11:32:35.107Z] [runtime-status] [20684] Listening to port: \\?\pipe\fire_emu_66d42deabfc9d7d1 {"metadata":{"emulator":{"name":"functions"},"function":{"name":"us-central1-extractText"},"extension":{},"message":"[runtime-status] [20684] Listening to port: \\\\?\\pipe\\fire_emu_66d42deabfc9d7d1"}}
[debug] [2026-07-18T11:32:35.206Z] [worker-us-central1-extractText-ef26ea2a-3089-494b-a23a-853c85178821]: IDLE {"metadata":{"emulator":{"name":"functions"},"function":{"name":"us-central1-extractText"},"extension":{},"message":"[worker-us-central1-extractText-ef26ea2a-3089-494b-a23a-853c85178821]: IDLE"}}
[debug] [2026-07-18T11:32:35.207Z] [worker-pool] submitRequest(triggerId=us-central1-extractText) {"metadata":{"emulator":{"name":"functions"},"message":"[worker-pool] submitRequest(triggerId=us-central1-extractText)"}}
[info] i  functions: Beginning execution of "us-central1-extractText" {"metadata":{"emulator":{"name":"functions"},"function":{"name":"us-central1-extractText"},"extension":{},"message":"Beginning execution of \"us-central1-extractText\""}}
[debug] [2026-07-18T11:32:35.208Z] [worker-us-central1-extractText-ef26ea2a-3089-494b-a23a-853c85178821]: BUSY {"metadata":{"emulator":{"name":"functions"},"function":{"name":"us-central1-extractText"},"extension":{},"message":"[worker-us-central1-extractText-ef26ea2a-3089-494b-a23a-853c85178821]: BUSY"}}
[debug] [2026-07-18T11:32:35.220Z] Finishing up request with event=pause {"metadata":{"emulator":{"name":"functions"},"function":{"name":"us-central1-extractText"},"extension":{},"message":"Finishing up request with event=pause"}}
[info] i  functions: Finished "us-central1-extractText" in 12.0557ms {"metadata":{"emulator":{"name":"functions"},"function":{"name":"us-central1-extractText"},"extension":{},"message":"Finished \"us-central1-extractText\" in 12.0557ms"}}
[debug] [2026-07-18T11:32:35.221Z] [worker-us-central1-extractText-ef26ea2a-3089-494b-a23a-853c85178821]: IDLE {"metadata":{"emulator":{"name":"functions"},"function":{"name":"us-central1-extractText"},"extension":{},"message":"[worker-us-central1-extractText-ef26ea2a-3089-494b-a23a-853c85178821]: IDLE"}}
[debug] [2026-07-18T11:32:35.222Z] Finishing up request with event=finish {"metadata":{"emulator":{"name":"functions"},"function":{"name":"us-central1-extractText"},"extension":{},"message":"Finishing up request with event=finish"}}
[debug] [2026-07-18T11:32:35.222Z] Finishing up request with event=close {"metadata":{"emulator":{"name":"functions"},"function":{"name":"us-central1-extractText"},"extension":{},"message":"Finishing up request with event=close"}}
[debug] [2026-07-18T11:32:35.223Z] [work-queue] {"queuedWork":[],"queueLength":0,"runningWork":[],"workRunningCount":0}
[debug] [2026-07-18T11:32:35.233Z] [work-queue] {"queuedWork":["/mindly-7f7c4/us-central1/extractText-2026-07-18T11:32:35.233Z"],"queueLength":1,"runningWork":[],"workRunningCount":0}
[debug] [2026-07-18T11:32:35.234Z] [work-queue] {"queuedWork":[],"queueLength":0,"runningWork":["/mindly-7f7c4/us-central1/extractText-2026-07-18T11:32:35.233Z"],"workRunningCount":1}
[debug] [2026-07-18T11:32:35.234Z] Accepted request POST /mindly-7f7c4/us-central1/extractText --> us-central1-extractText
[debug] [2026-07-18T11:32:35.236Z] [functions] Runtime ready! Sending request! {"metadata":{"emulator":{"name":"functions"},"message":"[functions] Runtime ready! Sending request!"}}
[debug] [2026-07-18T11:32:35.237Z] [functions] Got req.url=/mindly-7f7c4/us-central1/extractText, mapping to path=/ {"metadata":{"emulator":{"name":"functions"},"message":"[functions] Got req.url=/mindly-7f7c4/us-central1/extractText, mapping to path=/"}}
[debug] [2026-07-18T11:32:35.237Z] [worker-pool] submitRequest(triggerId=us-central1-extractText) {"metadata":{"emulator":{"name":"functions"},"message":"[worker-pool] submitRequest(triggerId=us-central1-extractText)"}}
[info] i  functions: Beginning execution of "us-central1-extractText" {"metadata":{"emulator":{"name":"functions"},"function":{"name":"us-central1-extractText"},"extension":{},"message":"Beginning execution of \"us-central1-extractText\""}}
[debug] [2026-07-18T11:32:35.239Z] [worker-us-central1-extractText-ef26ea2a-3089-494b-a23a-853c85178821]: BUSY {"metadata":{"emulator":{"name":"functions"},"function":{"name":"us-central1-extractText"},"extension":{},"message":"[worker-us-central1-extractText-ef26ea2a-3089-494b-a23a-853c85178821]: BUSY"}}
[info] >  {"severity":"INFO","message":"Received file: E&L _ Lec_CH1_07-4-2026.pdf for extraction."} {"user":{"severity":"INFO","message":"Received file: E&L _ Lec_CH1_07-4-2026.pdf for extraction."},"metadata":{"emulator":{"name":"functions"},"function":{"name":"us-central1-extractText"},"extension":{},"message":"\u001b[90m> \u001b[39m {\"severity\":\"INFO\",\"message\":\"Received file: E&L _ Lec_CH1_07-4-2026.pdf for extraction.\"}"}}
[info] >  {"severity":"INFO","message":"Sending request to Unstructured.io API..."} {"user":{"severity":"INFO","message":"Sending request to Unstructured.io API..."},"metadata":{"emulator":{"name":"functions"},"function":{"name":"us-central1-extractText"},"extension":{},"message":"\u001b[90m> \u001b[39m {\"severity\":\"INFO\",\"message\":\"Sending request to Unstructured.io API...\"}"}}
[info] >  {"severity":"INFO","message":"Extraction successful for E&L _ Lec_CH1_07-4-2026.pdf. Sending elements back to client."} {"user":{"severity":"INFO","message":"Extraction successful for E&L _ Lec_CH1_07-4-2026.pdf. Sending elements back to client."},"metadata":{"emulator":{"name":"functions"},"function":{"name":"us-central1-extractText"},"extension":{},"message":"\u001b[90m> \u001b[39m {\"severity\":\"INFO\",\"message\":\"Extraction successful for E&L _ Lec_CH1_07-4-2026.pdf. Sending elements back to client.\"}"}}
[debug] [2026-07-18T11:32:38.845Z] Finishing up request with event=pause {"metadata":{"emulator":{"name":"functions"},"function":{"name":"us-central1-extractText"},"extension":{},"message":"Finishing up request with event=pause"}}
[info] i  functions: Finished "us-central1-extractText" in 3607.6984ms {"metadata":{"emulator":{"name":"functions"},"function":{"name":"us-central1-extractText"},"extension":{},"message":"Finished \"us-central1-extractText\" in 3607.6984ms"}}
[debug] [2026-07-18T11:32:38.848Z] [worker-us-central1-extractText-ef26ea2a-3089-494b-a23a-853c85178821]: IDLE {"metadata":{"emulator":{"name":"functions"},"function":{"name":"us-central1-extractText"},"extension":{},"message":"[worker-us-central1-extractText-ef26ea2a-3089-494b-a23a-853c85178821]: IDLE"}}
[debug] [2026-07-18T11:32:38.850Z] Finishing up request with event=finish {"metadata":{"emulator":{"name":"functions"},"function":{"name":"us-central1-extractText"},"extension":{},"message":"Finishing up request with event=finish"}}
[debug] [2026-07-18T11:32:38.851Z] Finishing up request with event=close {"metadata":{"emulator":{"name":"functions"},"function":{"name":"us-central1-extractText"},"extension":{},"message":"Finishing up request with event=close"}}
[debug] [2026-07-18T11:32:38.852Z] [work-queue] {"queuedWork":[],"queueLength":0,"runningWork":[],"workRunningCount":0}
[debug] [2026-07-18T11:32:38.872Z] [work-queue] {"queuedWork":["/mindly-7f7c4/us-central1/generateStudyPlan-2026-07-18T11:32:38.872Z"],"queueLength":1,"runningWork":[],"workRunningCount":0}
[debug] [2026-07-18T11:32:38.872Z] [work-queue] {"queuedWork":[],"queueLength":0,"runningWork":["/mindly-7f7c4/us-central1/generateStudyPlan-2026-07-18T11:32:38.872Z"],"workRunningCount":1}
[debug] [2026-07-18T11:32:38.873Z] Accepted request OPTIONS /mindly-7f7c4/us-central1/generateStudyPlan --> us-central1-generateStudyPlan
[debug] [2026-07-18T11:32:38.875Z] [functions] Runtime ready! Sending request! {"metadata":{"emulator":{"name":"functions"},"message":"[functions] Runtime ready! Sending request!"}}
[debug] [2026-07-18T11:32:38.876Z] [functions] Got req.url=/mindly-7f7c4/us-central1/generateStudyPlan, mapping to path=/ {"metadata":{"emulator":{"name":"functions"},"message":"[functions] Got req.url=/mindly-7f7c4/us-central1/generateStudyPlan, mapping to path=/"}}
[info] i  functions: Loaded environment variables from .env. 
[debug] [2026-07-18T11:32:38.900Z] [worker-pool] addWorker(us-central1-generateStudyPlan) {"metadata":{"emulator":{"name":"functions"},"message":"[worker-pool] addWorker(us-central1-generateStudyPlan)"}}
[debug] [2026-07-18T11:32:38.901Z] [worker-pool] Adding worker with key us-central1-generateStudyPlan, total=1 {"metadata":{"emulator":{"name":"functions"},"message":"[worker-pool] Adding worker with key us-central1-generateStudyPlan, total=1"}}
[debug] [2026-07-18T11:32:43.174Z] [runtime-status] [21440] Resolved module firebase-admin {"declared":true,"installed":true,"version":"13.10.0","resolution":"D:\\FYP\\Mindly\\functions\\node_modules\\firebase-admin\\lib\\index.js"} {"metadata":{"emulator":{"name":"functions"},"function":{"name":"us-central1-generateStudyPlan"},"extension":{},"message":"[runtime-status] [21440] Resolved module firebase-admin {\"declared\":true,\"installed\":true,\"version\":\"13.10.0\",\"resolution\":\"D:\\\\FYP\\\\Mindly\\\\functions\\\\node_modules\\\\firebase-admin\\\\lib\\\\index.js\"}"}}
[debug] [2026-07-18T11:32:43.181Z] [runtime-status] [21440] Resolved module firebase-functions {"declared":true,"installed":true,"version":"7.2.5","resolution":"D:\\FYP\\Mindly\\functions\\node_modules\\firebase-functions\\lib\\v2\\index.js"} {"metadata":{"emulator":{"name":"functions"},"function":{"name":"us-central1-generateStudyPlan"},"extension":{},"message":"[runtime-status] [21440] Resolved module firebase-functions {\"declared\":true,\"installed\":true,\"version\":\"7.2.5\",\"resolution\":\"D:\\\\FYP\\\\Mindly\\\\functions\\\\node_modules\\\\firebase-functions\\\\lib\\\\v2\\\\index.js\"}"}}
[debug] [2026-07-18T11:32:43.182Z] [runtime-status] [21440] Outgoing network have been stubbed. [{"name":"http","status":"mocked"},{"name":"http","status":"mocked"},{"name":"https","status":"mocked"},{"name":"https","status":"mocked"},{"name":"net","status":"mocked"}] {"metadata":{"emulator":{"name":"functions"},"function":{"name":"us-central1-generateStudyPlan"},"extension":{},"message":"[runtime-status] [21440] Outgoing network have been stubbed. [{\"name\":\"http\",\"status\":\"mocked\"},{\"name\":\"http\",\"status\":\"mocked\"},{\"name\":\"https\",\"status\":\"mocked\"},{\"name\":\"https\",\"status\":\"mocked\"},{\"name\":\"net\",\"status\":\"mocked\"}]"}}
[debug] [2026-07-18T11:32:43.186Z] [runtime-status] [21440] Resolved module firebase-functions {"declared":true,"installed":true,"version":"7.2.5","resolution":"D:\\FYP\\Mindly\\functions\\node_modules\\firebase-functions\\lib\\v2\\index.js"} {"metadata":{"emulator":{"name":"functions"},"function":{"name":"us-central1-generateStudyPlan"},"extension":{},"message":"[runtime-status] [21440] Resolved module firebase-functions {\"declared\":true,\"installed\":true,\"version\":\"7.2.5\",\"resolution\":\"D:\\\\FYP\\\\Mindly\\\\functions\\\\node_modules\\\\firebase-functions\\\\lib\\\\v2\\\\index.js\"}"}}
[debug] [2026-07-18T11:32:43.187Z] [runtime-status] [21440] Detected firebase-functions v7+, skipping legacy stubs. {"metadata":{"emulator":{"name":"functions"},"function":{"name":"us-central1-generateStudyPlan"},"extension":{},"message":"[runtime-status] [21440] Detected firebase-functions v7+, skipping legacy stubs."}}
[debug] [2026-07-18T11:32:43.191Z] [runtime-status] [21440] Resolved module firebase-admin {"declared":true,"installed":true,"version":"13.10.0","resolution":"D:\\FYP\\Mindly\\functions\\node_modules\\firebase-admin\\lib\\index.js"} {"metadata":{"emulator":{"name":"functions"},"function":{"name":"us-central1-generateStudyPlan"},"extension":{},"message":"[runtime-status] [21440] Resolved module firebase-admin {\"declared\":true,\"installed\":true,\"version\":\"13.10.0\",\"resolution\":\"D:\\\\FYP\\\\Mindly\\\\functions\\\\node_modules\\\\firebase-admin\\\\lib\\\\index.js\"}"}}
[debug] [2026-07-18T11:32:43.516Z] [runtime-status] [21440] Resolved module firebase-functions {"declared":true,"installed":true,"version":"7.2.5","resolution":"D:\\FYP\\Mindly\\functions\\node_modules\\firebase-functions\\lib\\v2\\index.js"} {"metadata":{"emulator":{"name":"functions"},"function":{"name":"us-central1-generateStudyPlan"},"extension":{},"message":"[runtime-status] [21440] Resolved module firebase-functions {\"declared\":true,\"installed\":true,\"version\":\"7.2.5\",\"resolution\":\"D:\\\\FYP\\\\Mindly\\\\functions\\\\node_modules\\\\firebase-functions\\\\lib\\\\v2\\\\index.js\"}"}}
[debug] [2026-07-18T11:32:44.850Z] [runtime-status] [21440] firebase-admin has been stubbed. {"adminResolution":{"declared":true,"installed":true,"version":"13.10.0","resolution":"D:\\FYP\\Mindly\\functions\\node_modules\\firebase-admin\\lib\\index.js"}} {"metadata":{"emulator":{"name":"functions"},"function":{"name":"us-central1-generateStudyPlan"},"extension":{},"message":"[runtime-status] [21440] firebase-admin has been stubbed. {\"adminResolution\":{\"declared\":true,\"installed\":true,\"version\":\"13.10.0\",\"resolution\":\"D:\\\\FYP\\\\Mindly\\\\functions\\\\node_modules\\\\firebase-admin\\\\lib\\\\index.js\"}}"}}
[debug] [2026-07-18T11:32:44.897Z] [runtime-status] [21440] Functions runtime initialized. {"cwd":"D:\\FYP\\Mindly\\functions","node_version":"24.15.0"} {"metadata":{"emulator":{"name":"functions"},"function":{"name":"us-central1-generateStudyPlan"},"extension":{},"message":"[runtime-status] [21440] Functions runtime initialized. {\"cwd\":\"D:\\\\FYP\\\\Mindly\\\\functions\",\"node_version\":\"24.15.0\"}"}}
[debug] [2026-07-18T11:32:44.898Z] [runtime-status] [21440] Listening to port: \\?\pipe\fire_emu_2dffc519bc28f793 {"metadata":{"emulator":{"name":"functions"},"function":{"name":"us-central1-generateStudyPlan"},"extension":{},"message":"[runtime-status] [21440] Listening to port: \\\\?\\pipe\\fire_emu_2dffc519bc28f793"}}
[debug] [2026-07-18T11:32:45.005Z] [worker-us-central1-generateStudyPlan-c38497b5-7e1a-4c74-802f-1a84974d6d09]: IDLE {"metadata":{"emulator":{"name":"functions"},"function":{"name":"us-central1-generateStudyPlan"},"extension":{},"message":"[worker-us-central1-generateStudyPlan-c38497b5-7e1a-4c74-802f-1a84974d6d09]: IDLE"}}
[debug] [2026-07-18T11:32:45.006Z] [worker-pool] submitRequest(triggerId=us-central1-generateStudyPlan) {"metadata":{"emulator":{"name":"functions"},"message":"[worker-pool] submitRequest(triggerId=us-central1-generateStudyPlan)"}}
[info] i  functions: Beginning execution of "us-central1-generateStudyPlan" {"metadata":{"emulator":{"name":"functions"},"function":{"name":"us-central1-generateStudyPlan"},"extension":{},"message":"Beginning execution of \"us-central1-generateStudyPlan\""}}
[debug] [2026-07-18T11:32:45.007Z] [worker-us-central1-generateStudyPlan-c38497b5-7e1a-4c74-802f-1a84974d6d09]: BUSY {"metadata":{"emulator":{"name":"functions"},"function":{"name":"us-central1-generateStudyPlan"},"extension":{},"message":"[worker-us-central1-generateStudyPlan-c38497b5-7e1a-4c74-802f-1a84974d6d09]: BUSY"}}
[debug] [2026-07-18T11:32:45.016Z] Finishing up request with event=pause {"metadata":{"emulator":{"name":"functions"},"function":{"name":"us-central1-generateStudyPlan"},"extension":{},"message":"Finishing up request with event=pause"}}
[info] i  functions: Finished "us-central1-generateStudyPlan" in 8.7842ms {"metadata":{"emulator":{"name":"functions"},"function":{"name":"us-central1-generateStudyPlan"},"extension":{},"message":"Finished \"us-central1-generateStudyPlan\" in 8.7842ms"}}
[debug] [2026-07-18T11:32:45.017Z] [worker-us-central1-generateStudyPlan-c38497b5-7e1a-4c74-802f-1a84974d6d09]: IDLE {"metadata":{"emulator":{"name":"functions"},"function":{"name":"us-central1-generateStudyPlan"},"extension":{},"message":"[worker-us-central1-generateStudyPlan-c38497b5-7e1a-4c74-802f-1a84974d6d09]: IDLE"}}
[debug] [2026-07-18T11:32:45.017Z] Finishing up request with event=finish {"metadata":{"emulator":{"name":"functions"},"function":{"name":"us-central1-generateStudyPlan"},"extension":{},"message":"Finishing up request with event=finish"}}
[debug] [2026-07-18T11:32:45.018Z] Finishing up request with event=close {"metadata":{"emulator":{"name":"functions"},"function":{"name":"us-central1-generateStudyPlan"},"extension":{},"message":"Finishing up request with event=close"}}
[debug] [2026-07-18T11:32:45.018Z] [work-queue] {"queuedWork":[],"queueLength":0,"runningWork":[],"workRunningCount":0}
[debug] [2026-07-18T11:32:45.021Z] [work-queue] {"queuedWork":["/mindly-7f7c4/us-central1/generateStudyPlan-2026-07-18T11:32:45.021Z"],"queueLength":1,"runningWork":[],"workRunningCount":0}
[debug] [2026-07-18T11:32:45.022Z] [work-queue] {"queuedWork":[],"queueLength":0,"runningWork":["/mindly-7f7c4/us-central1/generateStudyPlan-2026-07-18T11:32:45.021Z"],"workRunningCount":1}
[debug] [2026-07-18T11:32:45.022Z] Accepted request POST /mindly-7f7c4/us-central1/generateStudyPlan --> us-central1-generateStudyPlan
[debug] [2026-07-18T11:32:45.024Z] [functions] Runtime ready! Sending request! {"metadata":{"emulator":{"name":"functions"},"message":"[functions] Runtime ready! Sending request!"}}
[debug] [2026-07-18T11:32:45.024Z] [functions] Got req.url=/mindly-7f7c4/us-central1/generateStudyPlan, mapping to path=/ {"metadata":{"emulator":{"name":"functions"},"message":"[functions] Got req.url=/mindly-7f7c4/us-central1/generateStudyPlan, mapping to path=/"}}
[debug] [2026-07-18T11:32:45.024Z] [worker-pool] submitRequest(triggerId=us-central1-generateStudyPlan) {"metadata":{"emulator":{"name":"functions"},"message":"[worker-pool] submitRequest(triggerId=us-central1-generateStudyPlan)"}}
[info] i  functions: Beginning execution of "us-central1-generateStudyPlan" {"metadata":{"emulator":{"name":"functions"},"function":{"name":"us-central1-generateStudyPlan"},"extension":{},"message":"Beginning execution of \"us-central1-generateStudyPlan\""}}
[debug] [2026-07-18T11:32:45.025Z] [worker-us-central1-generateStudyPlan-c38497b5-7e1a-4c74-802f-1a84974d6d09]: BUSY {"metadata":{"emulator":{"name":"functions"},"function":{"name":"us-central1-generateStudyPlan"},"extension":{},"message":"[worker-us-central1-generateStudyPlan-c38497b5-7e1a-4c74-802f-1a84974d6d09]: BUSY"}}
[debug] [2026-07-18T11:32:54.941Z] Finishing up request with event=pause {"metadata":{"emulator":{"name":"functions"},"function":{"name":"us-central1-generateStudyPlan"},"extension":{},"message":"Finishing up request with event=pause"}}
[info] i  functions: Finished "us-central1-generateStudyPlan" in 9916.5012ms {"metadata":{"emulator":{"name":"functions"},"function":{"name":"us-central1-generateStudyPlan"},"extension":{},"message":"Finished \"us-central1-generateStudyPlan\" in 9916.5012ms"}}
[debug] [2026-07-18T11:32:54.946Z] [worker-us-central1-generateStudyPlan-c38497b5-7e1a-4c74-802f-1a84974d6d09]: IDLE {"metadata":{"emulator":{"name":"functions"},"function":{"name":"us-central1-generateStudyPlan"},"extension":{},"message":"[worker-us-central1-generateStudyPlan-c38497b5-7e1a-4c74-802f-1a84974d6d09]: IDLE"}}
[debug] [2026-07-18T11:32:54.946Z] Finishing up request with event=finish {"metadata":{"emulator":{"name":"functions"},"function":{"name":"us-central1-generateStudyPlan"},"extension":{},"message":"Finishing up request with event=finish"}}
[debug] [2026-07-18T11:32:54.947Z] Finishing up request with event=close {"metadata":{"emulator":{"name":"functions"},"function":{"name":"us-central1-generateStudyPlan"},"extension":{},"message":"Finishing up request with event=close"}}
[debug] [2026-07-18T11:32:54.947Z] [work-queue] {"queuedWork":[],"queueLength":0,"runningWork":[],"workRunningCount":0}
